Component: Arm Compiler for Embedded 6.22 Tool: armlink [5ee90200]

==============================================================================

Section Cross References

    startup_stm32f101xb.o(RESET) refers to startup_stm32f101xb.o(STACK) for __initial_sp
    startup_stm32f101xb.o(RESET) refers to startup_stm32f101xb.o(.text) for Reset_Handler
    startup_stm32f101xb.o(RESET) refers to stm32f1xx_it.o(.text.NMI_Handler) for NMI_Handler
    startup_stm32f101xb.o(RESET) refers to stm32f1xx_it.o(.text.HardFault_Handler) for HardFault_Handler
    startup_stm32f101xb.o(RESET) refers to stm32f1xx_it.o(.text.MemManage_Handler) for MemManage_Handler
    startup_stm32f101xb.o(RESET) refers to stm32f1xx_it.o(.text.BusFault_Handler) for BusFault_Handler
    startup_stm32f101xb.o(RESET) refers to stm32f1xx_it.o(.text.UsageFault_Handler) for UsageFault_Handler
    startup_stm32f101xb.o(RESET) refers to stm32f1xx_it.o(.text.SVC_Handler) for SVC_Handler
    startup_stm32f101xb.o(RESET) refers to stm32f1xx_it.o(.text.DebugMon_Handler) for DebugMon_Handler
    startup_stm32f101xb.o(RESET) refers to stm32f1xx_it.o(.text.PendSV_Handler) for PendSV_Handler
    startup_stm32f101xb.o(RESET) refers to stm32f1xx_it.o(.text.SysTick_Handler) for SysTick_Handler
    startup_stm32f101xb.o(RESET) refers to speed.o(.text.TIM3_IRQHandler) for TIM3_IRQHandler
    startup_stm32f101xb.o(RESET) refers to uart1.o(.text.USART1_IRQHandler) for USART1_IRQHandler
    startup_stm32f101xb.o(RESET) refers to esp8266.o(.text.USART2_IRQHandler) for USART2_IRQHandler
    startup_stm32f101xb.o(RESET) refers to speed.o(.text.EXTI15_10_IRQHandler) for EXTI15_10_IRQHandler
    startup_stm32f101xb.o(.text) refers to system_stm32f1xx.o(.text.SystemInit) for SystemInit
    startup_stm32f101xb.o(.text) refers to entry.o(.ARM.Collect$$$$00000000) for __main
    main.o(.text.manual_mode) refers to main.o(.bss.recv_data) for recv_data
    main.o(.text.manual_mode) refers to esp8266.o(.text.esp8266_receive_data) for esp8266_receive_data
    main.o(.text.manual_mode) refers to strstr.o(.text) for strstr
    main.o(.text.manual_mode) refers to motor.o(.text.motor_forward) for motor_forward
    main.o(.text.manual_mode) refers to motor.o(.text.motor_backward) for motor_backward
    main.o(.text.manual_mode) refers to motor.o(.text.motor_left) for motor_left
    main.o(.text.manual_mode) refers to motor.o(.text.motor_right) for motor_right
    main.o(.text.manual_mode) refers to motor.o(.text.motor_stop) for motor_stop
    main.o(.text.manual_mode) refers to delay.o(.text.delay_ms) for delay_ms
    main.o(.ARM.exidx.text.manual_mode) refers to main.o(.text.manual_mode) for [Anonymous Symbol]
    main.o(.text.escape_mode) refers to hcsr04.o(.text.get_hcsr04_distance) for get_hcsr04_distance
    main.o(.text.escape_mode) refers to f2d.o(.text) for __aeabi_f2d
    main.o(.text.escape_mode) refers to main.o(.bss.middle) for middle
    main.o(.text.escape_mode) refers to fcmple.o(.text) for __aeabi_fcmple
    main.o(.text.escape_mode) refers to motor.o(.text.motor_forward) for motor_forward
    main.o(.text.escape_mode) refers to fcmpge.o(.text) for __aeabi_fcmpge
    main.o(.text.escape_mode) refers to motor.o(.text.motor_backward) for motor_backward
    main.o(.text.escape_mode) refers to motor.o(.text.motor_stop) for motor_stop
    main.o(.text.escape_mode) refers to sg90.o(.text.sg90_left) for sg90_left
    main.o(.text.escape_mode) refers to delay.o(.text.delay_ms) for delay_ms
    main.o(.text.escape_mode) refers to main.o(.bss.left) for left
    main.o(.text.escape_mode) refers to sg90.o(.text.sg90_middle) for sg90_middle
    main.o(.text.escape_mode) refers to sg90.o(.text.sg90_right) for sg90_right
    main.o(.text.escape_mode) refers to main.o(.bss.right) for right
    main.o(.text.escape_mode) refers to dcmpge.o(.text) for __aeabi_dcmpge
    main.o(.text.escape_mode) refers to motor.o(.text.motor_right) for motor_right
    main.o(.text.escape_mode) refers to dcmplt.o(.text) for __aeabi_dcmplt
    main.o(.text.escape_mode) refers to motor.o(.text.motor_left) for motor_left
    main.o(.ARM.exidx.text.escape_mode) refers to main.o(.text.escape_mode) for [Anonymous Symbol]
    main.o(.text.tracing_mode) refers to track.o(.text.get_left_track) for get_left_track
    main.o(.text.tracing_mode) refers to track.o(.text.get_right_track) for get_right_track
    main.o(.text.tracing_mode) refers to motor.o(.text.motor_forward) for motor_forward
    main.o(.text.tracing_mode) refers to motor.o(.text.motor_left) for motor_left
    main.o(.text.tracing_mode) refers to motor.o(.text.motor_stop) for motor_stop
    main.o(.text.tracing_mode) refers to motor.o(.text.motor_right) for motor_right
    main.o(.ARM.exidx.text.tracing_mode) refers to main.o(.text.tracing_mode) for [Anonymous Symbol]
    main.o(.text.following_mode) refers to follow.o(.text.get_left_follow) for get_left_follow
[...]
    Removing stm32f1xx_hal_tim.o(.ARM.exidx.text.HAL_TIM_PWM_GetState), (8 bytes).
    Removing stm32f1xx_hal_tim.o(.text.HAL_TIM_IC_GetState), (6 bytes).
    Removing stm32f1xx_hal_tim.o(.ARM.exidx.text.HAL_TIM_IC_GetState), (8 bytes).
    Removing stm32f1xx_hal_tim.o(.text.HAL_TIM_OnePulse_GetState), (6 bytes).
    Removing stm32f1xx_hal_tim.o(.ARM.exidx.text.HAL_TIM_OnePulse_GetState), (8 bytes).
    Removing stm32f1xx_hal_tim.o(.text.HAL_TIM_Encoder_GetState), (6 bytes).
    Removing stm32f1xx_hal_tim.o(.ARM.exidx.text.HAL_TIM_Encoder_GetState), (8 bytes).
    Removing stm32f1xx_hal_tim.o(.text.HAL_TIM_GetActiveChannel), (4 bytes).
    Removing stm32f1xx_hal_tim.o(.ARM.exidx.text.HAL_TIM_GetActiveChannel), (8 bytes).
    Removing stm32f1xx_hal_tim.o(.text.HAL_TIM_GetChannelState), (30 bytes).
    Removing stm32f1xx_hal_tim.o(.ARM.exidx.text.HAL_TIM_GetChannelState), (8 bytes).
    Removing stm32f1xx_hal_tim.o(.text.HAL_TIM_DMABurstState), (6 bytes).
    Removing stm32f1xx_hal_tim.o(.ARM.exidx.text.HAL_TIM_DMABurstState), (8 bytes).
    Removing stm32f1xx_hal_tim.o(.rodata.cst16), (48 bytes).
    Removing stm32f1xx_hal_tim_ex.o(.text), (0 bytes).
    Removing stm32f1xx_hal_tim_ex.o(.text.HAL_TIMEx_HallSensor_Init), (194 bytes).
    Removing stm32f1xx_hal_tim_ex.o(.ARM.exidx.text.HAL_TIMEx_HallSensor_Init), (8 bytes).
    Removing stm32f1xx_hal_tim_ex.o(.text.HAL_TIMEx_HallSensor_MspInit), (2 bytes).
    Removing stm32f1xx_hal_tim_ex.o(.ARM.exidx.text.HAL_TIMEx_HallSensor_MspInit), (8 bytes).
    Removing stm32f1xx_hal_tim_ex.o(.text.HAL_TIMEx_HallSensor_DeInit), (80 bytes).
    Removing stm32f1xx_hal_tim_ex.o(.ARM.exidx.text.HAL_TIMEx_HallSensor_DeInit), (8 bytes).
    Removing stm32f1xx_hal_tim_ex.o(.text.HAL_TIMEx_HallSensor_MspDeInit), (2 bytes).
    Removing stm32f1xx_hal_tim_ex.o(.ARM.exidx.text.HAL_TIMEx_HallSensor_MspDeInit), (8 bytes).
    Removing stm32f1xx_hal_tim_ex.o(.text.HAL_TIMEx_HallSensor_Start), (152 bytes).
    Removing stm32f1xx_hal_tim_ex.o(.ARM.exidx.text.HAL_TIMEx_HallSensor_Start), (8 bytes).
    Removing stm32f1xx_hal_tim_ex.o(.text.HAL_TIMEx_HallSensor_Stop), (66 bytes).
    Removing stm32f1xx_hal_tim_ex.o(.ARM.exidx.text.HAL_TIMEx_HallSensor_Stop), (8 bytes).
    Removing stm32f1xx_hal_tim_ex.o(.text.HAL_TIMEx_HallSensor_Start_IT), (160 bytes).
    Removing stm32f1xx_hal_tim_ex.o(.ARM.exidx.text.HAL_TIMEx_HallSensor_Start_IT), (8 bytes).
    Removing stm32f1xx_hal_tim_ex.o(.text.HAL_TIMEx_HallSensor_Stop_IT), (74 bytes).
    Removing stm32f1xx_hal_tim_ex.o(.ARM.exidx.text.HAL_TIMEx_HallSensor_Stop_IT), (8 bytes).
    Removing stm32f1xx_hal_tim_ex.o(.text.HAL_TIMEx_HallSensor_Start_DMA), (212 bytes).
    Removing stm32f1xx_hal_tim_ex.o(.ARM.exidx.text.HAL_TIMEx_HallSensor_Start_DMA), (8 bytes).
    Removing stm32f1xx_hal_tim_ex.o(.text.HAL_TIMEx_HallSensor_Stop_DMA), (74 bytes).
    Removing stm32f1xx_hal_tim_ex.o(.ARM.exidx.text.HAL_TIMEx_HallSensor_Stop_DMA), (8 bytes).
    Removing stm32f1xx_hal_tim_ex.o(.text.HAL_TIMEx_OCN_Start), (170 bytes).
    Removing stm32f1xx_hal_tim_ex.o(.ARM.exidx.text.HAL_TIMEx_OCN_Start), (8 bytes).
    Removing stm32f1xx_hal_tim_ex.o(.text.HAL_TIMEx_OCN_Stop), (136 bytes).
    Removing stm32f1xx_hal_tim_ex.o(.ARM.exidx.text.HAL_TIMEx_OCN_Stop), (8 bytes).
    Removing stm32f1xx_hal_tim_ex.o(.text.HAL_TIMEx_OCN_Start_IT), (228 bytes).
    Removing stm32f1xx_hal_tim_ex.o(.ARM.exidx.text.HAL_TIMEx_OCN_Start_IT), (8 bytes).
    Removing stm32f1xx_hal_tim_ex.o(.text.HAL_TIMEx_OCN_Stop_IT), (214 bytes).
    Removing stm32f1xx_hal_tim_ex.o(.ARM.exidx.text.HAL_TIMEx_OCN_Stop_IT), (8 bytes).
    Removing stm32f1xx_hal_tim_ex.o(.text.HAL_TIMEx_OCN_Start_DMA), (462 bytes).
    Removing stm32f1xx_hal_tim_ex.o(.ARM.exidx.text.HAL_TIMEx_OCN_Start_DMA), (8 bytes).
    Removing stm32f1xx_hal_tim_ex.o(.text.TIM_DMADelayPulseNCplt), (104 bytes).
    Removing stm32f1xx_hal_tim_ex.o(.ARM.exidx.text.TIM_DMADelayPulseNCplt), (8 bytes).
    Removing stm32f1xx_hal_tim_ex.o(.text.TIM_DMAErrorCCxN), (66 bytes).
    Removing stm32f1xx_hal_tim_ex.o(.ARM.exidx.text.TIM_DMAErrorCCxN), (8 bytes).
    Removing stm32f1xx_hal_tim_ex.o(.text.HAL_TIMEx_OCN_Stop_DMA), (188 bytes).
    Removing stm32f1xx_hal_tim_ex.o(.ARM.exidx.text.HAL_TIMEx_OCN_Stop_DMA), (8 bytes).
    Removing stm32f1xx_hal_tim_ex.o(.text.HAL_TIMEx_PWMN_Start), (170 bytes).
    Removing stm32f1xx_hal_tim_ex.o(.ARM.exidx.text.HAL_TIMEx_PWMN_Start), (8 bytes).
    Removing stm32f1xx_hal_tim_ex.o(.text.HAL_TIMEx_PWMN_Stop), (136 bytes).
    Removing stm32f1xx_hal_tim_ex.o(.ARM.exidx.text.HAL_TIMEx_PWMN_Stop), (8 bytes).
    Removing stm32f1xx_hal_tim_ex.o(.text.HAL_TIMEx_PWMN_Start_IT), (228 bytes).
    Removing stm32f1xx_hal_tim_ex.o(.ARM.exidx.text.HAL_TIMEx_PWMN_Start_IT), (8 bytes).
    Removing stm32f1xx_hal_tim_ex.o(.text.HAL_TIMEx_PWMN_Stop_IT), (214 bytes).
    Removing stm32f1xx_hal_tim_ex.o(.ARM.exidx.text.HAL_TIMEx_PWMN_Stop_IT), (8 bytes).
    Removing stm32f1xx_hal_tim_ex.o(.text.HAL_TIMEx_PWMN_Start_DMA), (462 bytes).
    Removing stm32f1xx_hal_tim_ex.o(.ARM.exidx.text.HAL_TIMEx_PWMN_Start_DMA), (8 bytes).
    Removing stm32f1xx_hal_tim_ex.o(.text.HAL_TIMEx_PWMN_Stop_DMA), (188 bytes).
    Removing stm32f1xx_hal_tim_ex.o(.ARM.exidx.text.HAL_TIMEx_PWMN_Stop_DMA), (8 bytes).
    Removing stm32f1xx_hal_tim_ex.o(.text.HAL_TIMEx_OnePulseN_Start), (124 bytes).
    Removing stm32f1xx_hal_tim_ex.o(.ARM.exidx.text.HAL_TIMEx_OnePulseN_Start), (8 bytes).
    Removing stm32f1xx_hal_tim_ex.o(.text.HAL_TIMEx_OnePulseN_Stop), (118 bytes).
    Removing stm32f1xx_hal_tim_ex.o(.ARM.exidx.text.HAL_TIMEx_OnePulseN_Stop), (8 bytes).
    Removing stm32f1xx_hal_tim_ex.o(.text.HAL_TIMEx_OnePulseN_Start_IT), (140 bytes).
    Removing stm32f1xx_hal_tim_ex.o(.ARM.exidx.text.HAL_TIMEx_OnePulseN_Start_IT), (8 bytes).
    Removing stm32f1xx_hal_tim_ex.o(.text.HAL_TIMEx_OnePulseN_Stop_IT), (134 bytes).
    Removing stm32f1xx_hal_tim_ex.o(.ARM.exidx.text.HAL_TIMEx_OnePulseN_Stop_IT), (8 bytes).
    Removing stm32f1xx_hal_tim_ex.o(.text.HAL_TIMEx_ConfigCommutEvent), (104 bytes).
    Removing stm32f1xx_hal_tim_ex.o(.ARM.exidx.text.HAL_TIMEx_ConfigCommutEvent), (8 bytes).
    Removing stm32f1xx_hal_tim_ex.o(.text.HAL_TIMEx_ConfigCommutEvent_IT), (104 bytes).
    Removing stm32f1xx_hal_tim_ex.o(.ARM.exidx.text.HAL_TIMEx_ConfigCommutEvent_IT), (8 bytes).
    Removing stm32f1xx_hal_tim_ex.o(.text.HAL_TIMEx_ConfigCommutEvent_DMA), (144 bytes).
    Removing stm32f1xx_hal_tim_ex.o(.ARM.exidx.text.HAL_TIMEx_ConfigCommutEvent_DMA), (8 bytes).
    Removing stm32f1xx_hal_tim_ex.o(.text.TIMEx_DMACommutationCplt), (12 bytes).
    Removing stm32f1xx_hal_tim_ex.o(.ARM.exidx.text.TIMEx_DMACommutationCplt), (8 bytes).
    Removing stm32f1xx_hal_tim_ex.o(.text.TIMEx_DMACommutationHalfCplt), (12 bytes).
    Removing stm32f1xx_hal_tim_ex.o(.ARM.exidx.text.TIMEx_DMACommutationHalfCplt), (8 bytes).
    Removing stm32f1xx_hal_tim_ex.o(.text.HAL_TIMEx_MasterConfigSynchronization), (122 bytes).
    Removing stm32f1xx_hal_tim_ex.o(.ARM.exidx.text.HAL_TIMEx_MasterConfigSynchronization), (8 bytes).
    Removing stm32f1xx_hal_tim_ex.o(.text.HAL_TIMEx_ConfigBreakDeadTime), (76 bytes).
    Removing stm32f1xx_hal_tim_ex.o(.ARM.exidx.text.HAL_TIMEx_ConfigBreakDeadTime), (8 bytes).
    Removing stm32f1xx_hal_tim_ex.o(.text.HAL_TIMEx_RemapConfig), (4 bytes).
    Removing stm32f1xx_hal_tim_ex.o(.ARM.exidx.text.HAL_TIMEx_RemapConfig), (8 bytes).
    Removing stm32f1xx_hal_tim_ex.o(.ARM.exidx.text.HAL_TIMEx_CommutCallback), (8 bytes).
    Removing stm32f1xx_hal_tim_ex.o(.text.HAL_TIMEx_CommutHalfCpltCallback), (2 bytes).
    Removing stm32f1xx_hal_tim_ex.o(.ARM.exidx.text.HAL_TIMEx_CommutHalfCpltCallback), (8 bytes).
    Removing stm32f1xx_hal_tim_ex.o(.ARM.exidx.text.HAL_TIMEx_BreakCallback), (8 bytes).
    Removing stm32f1xx_hal_tim_ex.o(.text.HAL_TIMEx_HallSensor_GetState), (6 bytes).
    Removing stm32f1xx_hal_tim_ex.o(.ARM.exidx.text.HAL_TIMEx_HallSensor_GetState), (8 bytes).
    Removing stm32f1xx_hal_tim_ex.o(.text.HAL_TIMEx_GetChannelNState), (30 bytes).
    Removing stm32f1xx_hal_tim_ex.o(.ARM.exidx.text.HAL_TIMEx_GetChannelNState), (8 bytes).

783 unused section(s) (total 39150 bytes) removed from the image.

==============================================================================

Image Symbol Table

    Local Symbols

    Symbol Name                              Value     Ov Type        Size  Object(Section)

    ../../Drivers/CMSIS/Device/ST/STM32F1xx/Source/Templates/arm/startup_stm32f101xb.s 0x00000000   Number         0  startup_stm32f101xb.o ABSOLUTE
    ../clib/division.s                       0x00000000   Number         0  aeabi_sdiv.o ABSOLUTE
    ../clib/microlib/division.c              0x00000000   Number         0  uidiv.o ABSOLUTE
    ../clib/microlib/division.c              0x00000000   Number         0  uldiv.o ABSOLUTE
    ../clib/microlib/init/entry.s            0x00000000   Number         0  entry.o ABSOLUTE
    ../clib/microlib/init/entry.s            0x00000000   Number         0  entry2.o ABSOLUTE
    ../clib/microlib/init/entry.s            0x00000000   Number         0  entry5.o ABSOLUTE
    ../clib/microlib/init/entry.s            0x00000000   Number         0  entry7a.o ABSOLUTE
    ../clib/microlib/init/entry.s            0x00000000   Number         0  entry7b.o ABSOLUTE
    ../clib/microlib/init/entry.s            0x00000000   Number         0  entry8a.o ABSOLUTE
    ../clib/microlib/init/entry.s            0x00000000   Number         0  entry8b.o ABSOLUTE
    ../clib/microlib/init/entry.s            0x00000000   Number         0  entry9a.o ABSOLUTE
    ../clib/microlib/init/entry.s            0x00000000   Number         0  entry9b.o ABSOLUTE
    ../clib/microlib/init/entry.s            0x00000000   Number         0  entry10a.o ABSOLUTE
    ../clib/microlib/init/entry.s            0x00000000   Number         0  entry10b.o ABSOLUTE
    ../clib/microlib/init/entry.s            0x00000000   Number         0  entry11a.o ABSOLUTE
    ../clib/microlib/init/entry.s            0x00000000   Number         0  entry11b.o ABSOLUTE
    ../clib/microlib/longlong.c              0x00000000   Number         0  llshl.o ABSOLUTE
    ../clib/microlib/longlong.c              0x00000000   Number         0  llushr.o ABSOLUTE
    ../clib/microlib/longlong.c              0x00000000   Number         0  llsshr.o ABSOLUTE
    ../clib/microlib/printf/printf.c         0x00000000   Number         0  printfb.o ABSOLUTE
    ../clib/microlib/printf/printf.c         0x00000000   Number         0  printf0.o ABSOLUTE
    ../clib/microlib/printf/printf.c         0x00000000   Number         0  printf1.o ABSOLUTE
    ../clib/microlib/printf/printf.c         0x00000000   Number         0  printf2.o ABSOLUTE
    ../clib/microlib/printf/printf.c         0x00000000   Number         0  printf3.o ABSOLUTE
    ../clib/microlib/printf/printf.c         0x00000000   Number         0  printf4.o ABSOLUTE
    ../clib/microlib/printf/printf.c         0x00000000   Number         0  printf5.o ABSOLUTE
    ../clib/microlib/printf/printf.c         0x00000000   Number         0  printf6.o ABSOLUTE
    ../clib/microlib/printf/printf.c         0x00000000   Number         0  printf7.o ABSOLUTE
    ../clib/microlib/printf/printf.c         0x00000000   Number         0  printf8.o ABSOLUTE
    ../clib/microlib/printf/printf.c         0x00000000   Number         0  printfa.o ABSOLUTE
    ../clib/microlib/printf/stubs.s          0x00000000   Number         0  printfstubs.o ABSOLUTE
    ../clib/microlib/stdio/puts.c            0x00000000   Number         0  puts.o ABSOLUTE
    ../clib/microlib/stdio/puts.c            0x00000000   Number         0  puts_e.o ABSOLUTE
    ../clib/microlib/stdio/streams.c         0x00000000   Number         0  stdout.o ABSOLUTE
    ../clib/microlib/string/memcpy.c         0x00000000   Number         0  memcpya.o ABSOLUTE
    ../clib/microlib/string/memcpy.c         0x00000000   Number         0  memcpyb.o ABSOLUTE
    ../clib/microlib/string/memset.c         0x00000000   Number         0  memseta.o ABSOLUTE
    ../clib/microlib/string/strchr.c         0x00000000   Number         0  strchr.o ABSOLUTE
    ../clib/microlib/string/strlen.c         0x00000000   Number         0  strlen.o ABSOLUTE
    ../clib/microlib/string/strstr.c         0x00000000   Number         0  strstr.o ABSOLUTE
    ../clib/microlib/stubs.s                 0x00000000   Number         0  iusefp.o ABSOLUTE
    ../fplib/microlib/d2f.c                  0x00000000   Number         0  d2f.o ABSOLUTE
    ../fplib/microlib/f2d.c                  0x00000000   Number         0  f2d.o ABSOLUTE
    ../fplib/microlib/fpadd.c                0x00000000   Number         0  dadd.o ABSOLUTE
    ../fplib/microlib/fpcmp.c                0x00000000   Number         0  fcmple.o ABSOLUTE
    ../fplib/microlib/fpcmp.c                0x00000000   Number         0  fcmpge.o ABSOLUTE
    ../fplib/microlib/fpcmp.c                0x00000000   Number         0  dcmplt.o ABSOLUTE
    ../fplib/microlib/fpcmp.c                0x00000000   Number         0  dcmpge.o ABSOLUTE
    ../fplib/microlib/fpdiv.c                0x00000000   Number         0  ddiv.o ABSOLUTE
    ../fplib/microlib/fpepilogue.c           0x00000000   Number         0  fepilogue.o ABSOLUTE
    ../fplib/microlib/fpepilogue.c           0x00000000   Number         0  depilogue.o ABSOLUTE
    ../fplib/microlib/fpfix.c                0x00000000   Number         0  dfixul.o ABSOLUTE
    ../fplib/microlib/fpflt.c                0x00000000   Number         0  dfltui.o ABSOLUTE
    ../fplib/microlib/fpmul.c                0x00000000   Number         0  dmul.o ABSOLUTE
    cdrcmple.s                               0x00000000   Number         0  cdrcmple.o ABSOLUTE
    dc.s                                     0x00000000   Number         0  dc.o ABSOLUTE
    delay.c                                  0x00000000   Number         0  delay.o ABSOLUTE
    esp8266.c                                0x00000000   Number         0  esp8266.o ABSOLUTE
    follow.c                                 0x00000000   Number         0  follow.o ABSOLUTE
    handlers.s                               0x00000000   Number         0  handlers.o ABSOLUTE
    hcsr04.c                                 0x00000000   Number         0  hcsr04.o ABSOLUTE
    init.s                                   0x00000000   Number         0  init.o ABSOLUTE
    led.c                                    0x00000000   Number         0  led.o ABSOLUTE
    main.c                                   0x00000000   Number         0  main.o ABSOLUTE
    motor.c                                  0x00000000   Number         0  motor.o ABSOLUTE
    oled.c                                   0x00000000   Number         0  oled.o ABSOLUTE
    sg90.c                                   0x00000000   Number         0  sg90.o ABSOLUTE
    speed.c                                  0x00000000   Number         0  speed.o ABSOLUTE
    stm32f1xx_hal.c                          0x00000000   Number         0  stm32f1xx_hal.o ABSOLUTE
    stm32f1xx_hal_cortex.c                   0x00000000   Number         0  stm32f1xx_hal_cortex.o ABSOLUTE
    stm32f1xx_hal_dma.c                      0x00000000   Number         0  stm32f1xx_hal_dma.o ABSOLUTE
    stm32f1xx_hal_gpio.c                     0x00000000   Number         0  stm32f1xx_hal_gpio.o ABSOLUTE
    stm32f1xx_hal_gpio_ex.c                  0x00000000   Number         0  stm32f1xx_hal_gpio_ex.o ABSOLUTE
    stm32f1xx_hal_rcc.c                      0x00000000   Number         0  stm32f1xx_hal_rcc.o ABSOLUTE
    stm32f1xx_hal_rcc_ex.c                   0x00000000   Number         0  stm32f1xx_hal_rcc_ex.o ABSOLUTE
    stm32f1xx_hal_tim.c                      0x00000000   Number         0  stm32f1xx_hal_tim.o ABSOLUTE
    stm32f1xx_hal_tim_ex.c                   0x00000000   Number         0  stm32f1xx_hal_tim_ex.o ABSOLUTE
    stm32f1xx_hal_uart.c                     0x00000000   Number         0  stm32f1xx_hal_uart.o ABSOLUTE
    stm32f1xx_hal_usart.c                    0x00000000   Number         0  stm32f1xx_hal_usart.o ABSOLUTE
    stm32f1xx_it.c                           0x00000000   Number         0  stm32f1xx_it.o ABSOLUTE
    sys.c                                    0x00000000   Number         0  sys.o ABSOLUTE
    system_stm32f1xx.c                       0x00000000   Number         0  system_stm32f1xx.o ABSOLUTE
    timer.c                                  0x00000000   Number         0  timer.o ABSOLUTE
    track.c                                  0x00000000   Number         0  track.o ABSOLUTE
    uart1.c                                  0x00000000   Number         0  uart1.o ABSOLUTE
    voice.c                                  0x00000000   Number         0  voice.o ABSOLUTE
    RESET                                    0x08000000   Section      232  startup_stm32f101xb.o(RESET)
    .ARM.Collect$$$$00000000                 0x080000e8   Section        0  entry.o(.ARM.Collect$$$$00000000)
    .ARM.Collect$$$$00000001                 0x080000e8   Section        4  entry2.o(.ARM.Collect$$$$00000001)
    .ARM.Collect$$$$00000004                 0x080000ec   Section        4  entry5.o(.ARM.Collect$$$$00000004)
    .ARM.Collect$$$$00000008                 0x080000f0   Section        0  entry7b.o(.ARM.Collect$$$$00000008)
    .ARM.Collect$$$$0000000A                 0x080000f0   Section        0  entry8b.o(.ARM.Collect$$$$0000000A)
    .ARM.Collect$$$$0000000B                 0x080000f0   Section        8  entry9a.o(.ARM.Collect$$$$0000000B)
    __lit__00000000                          0x080000f8   Data           4  entry2.o(.ARM.Collect$$$$00002712)
    .ARM.Collect$$$$0000000D                 0x080000f8   Section        0  entry10a.o(.ARM.Collect$$$$0000000D)
    .ARM.Collect$$$$0000000F                 0x080000f8   Section        0  entry11a.o(.ARM.Collect$$$$0000000F)
    .ARM.Collect$$$$00002712                 0x080000f8   Section        4  entry2.o(.ARM.Collect$$$$00002712)
    .text                                    0x080000fc   Section       36  startup_stm32f101xb.o(.text)
    .text                                    0x08000120   Section        0  memcpya.o(.text)
    .text                                    0x08000144   Section        0  memseta.o(.text)
    .text                                    0x08000168   Section        0  strstr.o(.text)
    .text                                    0x0800018c   Section        0  strchr.o(.text)
    .text                                    0x080001a0   Section        0  strlen.o(.text)
    .text                                    0x080001ae   Section        0  dmul.o(.text)
    .text                                    0x08000292   Section        0  fcmple.o(.text)
    .text                                    0x080002ae   Section        0  fcmpge.o(.text)
    .text                                    0x080002ca   Section        0  dcmplt.o(.text)
    .text                                    0x08000300   Section        0  dcmpge.o(.text)
    .text                                    0x08000336   Section        0  dfltui.o(.text)
    .text                                    0x08000350   Section        0  f2d.o(.text)
    .text                                    0x08000376   Section        0  d2f.o(.text)
    .text                                    0x080003ae   Section        0  uidiv.o(.text)
    .text                                    0x080003da   Section        0  uldiv.o(.text)
    .text                                    0x0800043c   Section        0  iusefp.o(.text)
    .text                                    0x0800043c   Section        0  fepilogue.o(.text)
    .text                                    0x080004aa   Section        0  depilogue.o(.text)
    .text                                    0x08000564   Section        0  dadd.o(.text)
    .text                                    0x080006b2   Section        0  ddiv.o(.text)
    .text                                    0x08000790   Section        0  dfixul.o(.text)
    .text                                    0x080007c0   Section       48  cdrcmple.o(.text)
    .text                                    0x080007f0   Section       48  init.o(.text)
    .text                                    0x08000820   Section        0  llshl.o(.text)
    .text                                    0x0800083e   Section        0  llushr.o(.text)
    .text                                    0x0800085e   Section        0  llsshr.o(.text)
    [Anonymous Symbol]                       0x08000884   Section        0  stm32f1xx_it.o(.text.BusFault_Handler)
    [Anonymous Symbol]                       0x08000888   Section        0  stm32f1xx_it.o(.text.DebugMon_Handler)
    [Anonymous Symbol]                       0x0800088c   Section        0  speed.o(.text.EXTI15_10_IRQHandler)
    [Anonymous Symbol]                       0x08000894   Section        0  speed.o(.text.HAL_GPIO_EXTI_Callback)
    [Anonymous Symbol]                       0x080008d4   Section        0  stm32f1xx_hal_gpio.o(.text.HAL_GPIO_EXTI_IRQHandler)
    [Anonymous Symbol]                       0x080008ec   Section        0  stm32f1xx_hal_gpio.o(.text.HAL_GPIO_Init)
    [Anonymous Symbol]                       0x08000af0   Section        0  stm32f1xx_hal_gpio.o(.text.HAL_GPIO_ReadPin)
    [Anonymous Symbol]                       0x08000afc   Section        0  stm32f1xx_hal_gpio.o(.text.HAL_GPIO_WritePin)
    [Anonymous Symbol]                       0x08000b08   Section        0  stm32f1xx_hal.o(.text.HAL_GetTick)
    [Anonymous Symbol]                       0x08000b14   Section        0  stm32f1xx_hal.o(.text.HAL_IncTick)
    [Anonymous Symbol]                       0x08000b30   Section        0  stm32f1xx_hal.o(.text.HAL_Init)
    [Anonymous Symbol]                       0x08000b58   Section        0  stm32f1xx_hal.o(.text.HAL_InitTick)
    [Anonymous Symbol]                       0x08000ba8   Section        0  stm32f1xx_hal.o(.text.HAL_MspInit)
    [Anonymous Symbol]                       0x08000bac   Section        0  stm32f1xx_hal_cortex.o(.text.HAL_NVIC_EnableIRQ)
    [Anonymous Symbol]                       0x08000bd0   Section        0  stm32f1xx_hal_cortex.o(.text.HAL_NVIC_SetPriority)
    [Anonymous Symbol]                       0x08000c28   Section        0  stm32f1xx_hal_cortex.o(.text.HAL_NVIC_SetPriorityGrouping)
    [Anonymous Symbol]                       0x08000c48   Section        0  stm32f1xx_hal_rcc.o(.text.HAL_RCC_ClockConfig)
    [Anonymous Symbol]                       0x08000dfc   Section        0  stm32f1xx_hal_rcc.o(.text.HAL_RCC_GetPCLK1Freq)
    [Anonymous Symbol]                       0x08000e24   Section        0  stm32f1xx_hal_rcc.o(.text.HAL_RCC_GetPCLK2Freq)
    [Anonymous Symbol]                       0x08000e4c   Section        0  stm32f1xx_hal_rcc.o(.text.HAL_RCC_OscConfig)
    [Anonymous Symbol]                       0x08001184   Section        0  stm32f1xx_hal_cortex.o(.text.HAL_SYSTICK_Config)
    [Anonymous Symbol]                       0x080011b0   Section        0  stm32f1xx_hal_tim_ex.o(.text.HAL_TIMEx_BreakCallback)
    [Anonymous Symbol]                       0x080011b4   Section        0  stm32f1xx_hal_tim_ex.o(.text.HAL_TIMEx_CommutCallback)
    [Anonymous Symbol]                       0x080011b8   Section        0  stm32f1xx_hal_tim.o(.text.HAL_TIM_Base_Init)
    [Anonymous Symbol]                       0x08001290   Section        0  timer.o(.text.HAL_TIM_Base_MspInit)
    [Anonymous Symbol]                       0x080012f8   Section        0  stm32f1xx_hal_tim.o(.text.HAL_TIM_Base_Start)
    [Anonymous Symbol]                       0x08001358   Section        0  stm32f1xx_hal_tim.o(.text.HAL_TIM_Base_Start_IT)
    [Anonymous Symbol]                       0x080013c0   Section        0  stm32f1xx_hal_tim.o(.text.HAL_TIM_Base_Stop)
    [Anonymous Symbol]                       0x080013ec   Section        0  stm32f1xx_hal_tim.o(.text.HAL_TIM_IC_CaptureCallback)
    [Anonymous Symbol]                       0x080013f0   Section        0  stm32f1xx_hal_tim.o(.text.HAL_TIM_IRQHandler)
    [Anonymous Symbol]                       0x0800155c   Section        0  stm32f1xx_hal_tim.o(.text.HAL_TIM_OC_DelayElapsedCallback)
    [Anonymous Symbol]                       0x08001560   Section        0  stm32f1xx_hal_tim.o(.text.HAL_TIM_PWM_ConfigChannel)
    [Anonymous Symbol]                       0x08001760   Section        0  stm32f1xx_hal_tim.o(.text.HAL_TIM_PWM_Init)
    [Anonymous Symbol]                       0x08001838   Section        0  sg90.o(.text.HAL_TIM_PWM_MspInit)
    [Anonymous Symbol]                       0x0800189c   Section        0  stm32f1xx_hal_tim.o(.text.HAL_TIM_PWM_PulseFinishedCallback)
    [Anonymous Symbol]                       0x080018a0   Section        0  stm32f1xx_hal_tim.o(.text.HAL_TIM_PWM_Start)
    [Anonymous Symbol]                       0x08001958   Section        0  speed.o(.text.HAL_TIM_PeriodElapsedCallback)
    [Anonymous Symbol]                       0x080019bc   Section        0  stm32f1xx_hal_tim.o(.text.HAL_TIM_TriggerCallback)
    [Anonymous Symbol]                       0x080019c0   Section        0  stm32f1xx_hal_uart.o(.text.HAL_UART_Init)
    [Anonymous Symbol]                       0x08001aa0   Section        0  uart1.o(.text.HAL_UART_MspInit)
    [Anonymous Symbol]                       0x08001bc0   Section        0  stm32f1xx_hal_uart.o(.text.HAL_UART_Receive)
    [Anonymous Symbol]                       0x08001ce8   Section        0  stm32f1xx_hal_uart.o(.text.HAL_UART_Transmit)
    [Anonymous Symbol]                       0x08001e50   Section        0  stm32f1xx_it.o(.text.HardFault_Handler)
    [Anonymous Symbol]                       0x08001e54   Section        0  stm32f1xx_it.o(.text.MemManage_Handler)
    [Anonymous Symbol]                       0x08001e58   Section        0  stm32f1xx_it.o(.text.NMI_Handler)
    [Anonymous Symbol]                       0x08001e5c   Section        0  stm32f1xx_it.o(.text.PendSV_Handler)
    [Anonymous Symbol]                       0x08001e60   Section        0  stm32f1xx_it.o(.text.SVC_Handler)
    [Anonymous Symbol]                       0x08001e64   Section        0  stm32f1xx_it.o(.text.SysTick_Handler)
    [Anonymous Symbol]                       0x08001e68   Section        0  system_stm32f1xx.o(.text.SystemInit)
    [Anonymous Symbol]                       0x08001e6c   Section        0  timer.o(.text.TIM2_Init)
    [Anonymous Symbol]                       0x08001e8c   Section        0  speed.o(.text.TIM3_IRQHandler)
    [Anonymous Symbol]                       0x08001e98   Section        0  timer.o(.text.TIM3_Init)
    [Anonymous Symbol]                       0x08001ecc   Section        0  uart1.o(.text.USART1_IRQHandler)
    [Anonymous Symbol]                       0x08001f64   Section        0  esp8266.o(.text.USART2_IRQHandler)
    [Anonymous Symbol]                       0x08001fc0   Section        0  stm32f1xx_it.o(.text.UsageFault_Handler)
    [Anonymous Symbol]                       0x08001fc4   Section        0  delay.o(.text.delay_ms)
    [Anonymous Symbol]                       0x0800200c   Section        0  delay.o(.text.delay_us)
    [Anonymous Symbol]                       0x08002044   Section        0  main.o(.text.escape_mode)
    [Anonymous Symbol]                       0x08002120   Section        0  esp8266.o(.text.esp8266_connect_tcp_server)
    [Anonymous Symbol]                       0x080021d8   Section        0  esp8266.o(.text.esp8266_connectionMode)
    [Anonymous Symbol]                       0x08002280   Section        0  esp8266.o(.text.esp8266_enter_unvarnished)
    [Anonymous Symbol]                       0x08002380   Section        0  esp8266.o(.text.esp8266_init)
    [Anonymous Symbol]                       0x08002690   Section        0  esp8266.o(.text.esp8266_joinAp)
    [Anonymous Symbol]                       0x08002740   Section        0  esp8266.o(.text.esp8266_receive_data)
    [Anonymous Symbol]                       0x080027b8   Section        0  esp8266.o(.text.esp8266_send_data)
    [Anonymous Symbol]                       0x080027fc   Section        0  follow.o(.text.follow_init)
    [Anonymous Symbol]                       0x0800283c   Section        0  uart1.o(.text.fputc)
    [Anonymous Symbol]                       0x08002850   Section        0  hcsr04.o(.text.get_hcsr04_distance)
    [Anonymous Symbol]                       0x080028d4   Section        0  follow.o(.text.get_left_follow)
    [Anonymous Symbol]                       0x080028ec   Section        0  track.o(.text.get_left_track)
    [Anonymous Symbol]                       0x08002904   Section        0  follow.o(.text.get_right_follow)
    [Anonymous Symbol]                       0x0800291c   Section        0  track.o(.text.get_right_track)
    [Anonymous Symbol]                       0x08002934   Section        0  hcsr04.o(.text.hcsr04_init)
    [Anonymous Symbol]                       0x080029a0   Section        0  led.o(.text.led1_on)
    [Anonymous Symbol]                       0x080029b4   Section        0  led.o(.text.led2_off)
    [Anonymous Symbol]                       0x080029c8   Section        0  led.o(.text.led_init)
    [Anonymous Symbol]                       0x08002a24   Section        0  main.o(.text.main)
    [Anonymous Symbol]                       0x08002bbc   Section        0  main.o(.text.manual_mode)
    [Anonymous Symbol]                       0x08002c3c   Section        0  motor.o(.text.motor_backward)
    [Anonymous Symbol]                       0x08002c74   Section        0  motor.o(.text.motor_forward)
    [Anonymous Symbol]                       0x08002cac   Section        0  motor.o(.text.motor_init)
    [Anonymous Symbol]                       0x08002d18   Section        0  motor.o(.text.motor_left)
    [Anonymous Symbol]                       0x08002d50   Section        0  motor.o(.text.motor_right)
    [Anonymous Symbol]                       0x08002d88   Section        0  motor.o(.text.motor_stop)
    [Anonymous Symbol]                       0x08002dc0   Section        0  oled.o(.text.oled_display_char)
    [Anonymous Symbol]                       0x08002e80   Section        0  oled.o(.text.oled_display_string)
    [Anonymous Symbol]                       0x08002eb8   Section        0  oled.o(.text.oled_fill)
    [Anonymous Symbol]                       0x08002f08   Section        0  oled.o(.text.oled_init)
    [Anonymous Symbol]                       0x0800304c   Section        0  oled.o(.text.oled_write_cmd)
    [Anonymous Symbol]                       0x08003198   Section        0  oled.o(.text.oled_write_data)
    [Anonymous Symbol]                       0x080032e8   Section        0  sg90.o(.text.sg90_init)
    [Anonymous Symbol]                       0x08003340   Section        0  sg90.o(.text.sg90_left)
    [Anonymous Symbol]                       0x08003350   Section        0  sg90.o(.text.sg90_middle)
    [Anonymous Symbol]                       0x08003360   Section        0  sg90.o(.text.sg90_right)
    [Anonymous Symbol]                       0x08003370   Section        0  speed.o(.text.speed_init)
    [Anonymous Symbol]                       0x080033c8   Section        0  sys.o(.text.stm32_clock_init)
    [Anonymous Symbol]                       0x08003424   Section        0  track.o(.text.track_init)
    [Anonymous Symbol]                       0x08003464   Section        0  uart1.o(.text.uart1_init)
    [Anonymous Symbol]                       0x08003490   Section        0  voice.o(.text.voice_init)
    i.__0printf                              0x080034cc   Section        0  printfa.o(i.__0printf)
    i.__0sprintf                             0x080034ec   Section        0  printfa.o(i.__0sprintf)
    i.__0vsprintf                            0x08003514   Section        0  printfa.o(i.__0vsprintf)
    i.__scatterload_copy                     0x08003538   Section       14  handlers.o(i.__scatterload_copy)
    i.__scatterload_null                     0x08003546   Section        2  handlers.o(i.__scatterload_null)
    i.__scatterload_zeroinit                 0x08003548   Section       14  handlers.o(i.__scatterload_zeroinit)
    _fp_digits                               0x08003559   Thumb Code   366  printfa.o(i._fp_digits)
    i._fp_digits                             0x08003558   Section        0  printfa.o(i._fp_digits)
    _printf_core                             0x080036dd   Thumb Code  1744  printfa.o(i._printf_core)
    i._printf_core                           0x080036dc   Section        0  printfa.o(i._printf_core)
    _printf_post_padding                     0x08003db9   Thumb Code    36  printfa.o(i._printf_post_padding)
    i._printf_post_padding                   0x08003db8   Section        0  printfa.o(i._printf_post_padding)
    _printf_pre_padding                      0x08003ddd   Thumb Code    46  printfa.o(i._printf_pre_padding)
    i._printf_pre_padding                    0x08003ddc   Section        0  printfa.o(i._printf_pre_padding)
    _sputc                                   0x08003e0b   Thumb Code    10  printfa.o(i._sputc)
    i._sputc                                 0x08003e0a   Section        0  printfa.o(i._sputc)
    i.puts                                   0x08003e14   Section        0  puts.o(i.puts)
    HAL_RCC_GetSysClockFreq.aPredivFactorTable 0x08003e50   Data           2  stm32f1xx_hal_rcc.o(.rodata.HAL_RCC_GetSysClockFreq.aPredivFactorTable)
    [Anonymous Symbol]                       0x08003e50   Section        0  stm32f1xx_hal_rcc.o(.rodata.HAL_RCC_GetSysClockFreq.aPredivFactorTable)
    HAL_RCC_GetSysClockFreq.aPLLMULFactorTable 0x08005612   Data          16  stm32f1xx_hal_rcc.o(.rodata.cst16)
    [Anonymous Symbol]                       0x08005612   Section        0  stm32f1xx_hal_rcc.o(.rodata.cst16)
    .Lstr.5                                  0x08005622   Data          14  main.o(.rodata.str1.1)
    [Anonymous Symbol]                       0x08005622   Section        0  main.o(.rodata.str1.1)
    .L.str.3                                 0x08005630   Data          14  esp8266.o(.rodata.str1.1)
    [Anonymous Symbol]                       0x08005630   Section        0  esp8266.o(.rodata.str1.1)
    .L.str.1                                 0x0800563e   Data           5  esp8266.o(.rodata.str1.1)
    .L.str.24                                0x08005643   Data          61  esp8266.o(.rodata.str1.1)
    .Lstr.35                                 0x08005680   Data          22  esp8266.o(.rodata.str1.1)
    .Lstr.32                                 0x08005696   Data          20  esp8266.o(.rodata.str1.1)
    .Lstr.34                                 0x080056aa   Data          24  esp8266.o(.rodata.str1.1)
    .Lstr.33                                 0x080056c2   Data          41  esp8266.o(.rodata.str1.1)
    .L.str.23                                0x080056eb   Data           5  esp8266.o(.rodata.str1.1)
    .L.str.22                                0x080056f0   Data          15  esp8266.o(.rodata.str1.1)
    .L.str.20                                0x080056ff   Data          15  esp8266.o(.rodata.str1.1)
    .L.str.19                                0x0800570e   Data           4  esp8266.o(.rodata.str1.1)
    .L.str.2                                 0x08005712   Data           3  esp8266.o(.rodata.str1.1)
    .data                                    0x20000000   Section        4  stdout.o(.data)
    STACK                                    0x20000380   Section     1024  startup_stm32f101xb.o(STACK)

    Global Symbols

    Symbol Name                              Value     Ov Type        Size  Object(Section)

    BuildAttributes$$THM_ISAv4$P$D$K$B$S$PE$A:L22UL41UL21$X:L11$S22US41US21$IEEE1$IW$~IW$USESV6$~STKCKD$USESV7$~SHL$OTIME$ROPI$EBA8$MICROLIB$REQ8$PRES8$EABIv2 0x00000000   Number         0  anon$$obj.o ABSOLUTE
    _printf_a                                0x00000000   Number         0  printfstubs.o ABSOLUTE
    _printf_c                                0x00000000   Number         0  printfstubs.o ABSOLUTE
    _printf_charcount                        0x00000000   Number         0  printfstubs.o ABSOLUTE
    _printf_d                                0x00000000   Number         0  printfstubs.o ABSOLUTE
    _printf_e                                0x00000000   Number         0  printfstubs.o ABSOLUTE
    _printf_f                                0x00000000   Number         0  printfstubs.o ABSOLUTE
    _printf_flags                            0x00000000   Number         0  printfstubs.o ABSOLUTE
    _printf_fp_dec                           0x00000000   Number         0  printfstubs.o ABSOLUTE
    _printf_fp_hex                           0x00000000   Number         0  printfstubs.o ABSOLUTE
    _printf_g                                0x00000000   Number         0  printfstubs.o ABSOLUTE
    _printf_i                                0x00000000   Number         0  printfstubs.o ABSOLUTE
    _printf_int_dec                          0x00000000   Number         0  printfstubs.o ABSOLUTE
    _printf_l                                0x00000000   Number         0  printfstubs.o ABSOLUTE
    _printf_lc                               0x00000000   Number         0  printfstubs.o ABSOLUTE
    _printf_ll                               0x00000000   Number         0  printfstubs.o ABSOLUTE
    _printf_lld                              0x00000000   Number         0  printfstubs.o ABSOLUTE
    _printf_lli                              0x00000000   Number         0  printfstubs.o ABSOLUTE
    _printf_llo                              0x00000000   Number         0  printfstubs.o ABSOLUTE
    _printf_llu                              0x00000000   Number         0  printfstubs.o ABSOLUTE
    _printf_llx                              0x00000000   Number         0  printfstubs.o ABSOLUTE
    _printf_longlong_dec                     0x00000000   Number         0  printfstubs.o ABSOLUTE
    _printf_longlong_hex                     0x00000000   Number         0  printfstubs.o ABSOLUTE
    _printf_longlong_oct                     0x00000000   Number         0  printfstubs.o ABSOLUTE
    _printf_ls                               0x00000000   Number         0  printfstubs.o ABSOLUTE
    _printf_mbtowc                           0x00000000   Number         0  printfstubs.o ABSOLUTE
    _printf_n                                0x00000000   Number         0  printfstubs.o ABSOLUTE
    _printf_o                                0x00000000   Number         0  printfstubs.o ABSOLUTE
    _printf_p                                0x00000000   Number         0  printfstubs.o ABSOLUTE
    _printf_percent                          0x00000000   Number         0  printfstubs.o ABSOLUTE
    _printf_pre_padding                      0x00000000   Number         0  printfstubs.o ABSOLUTE
    _printf_return_value                     0x00000000   Number         0  printfstubs.o ABSOLUTE
    _printf_s                                0x00000000   Number         0  printfstubs.o ABSOLUTE
    _printf_sizespec                         0x00000000   Number         0  printfstubs.o ABSOLUTE
    _printf_str                              0x00000000   Number         0  printfstubs.o ABSOLUTE
    _printf_truncate_signed                  0x00000000   Number         0  printfstubs.o ABSOLUTE
    _printf_truncate_unsigned                0x00000000   Number         0  printfstubs.o ABSOLUTE
    _printf_u                                0x00000000   Number         0  printfstubs.o ABSOLUTE
    _printf_wc                               0x00000000   Number         0  printfstubs.o ABSOLUTE
    _printf_wctomb                           0x00000000   Number         0  printfstubs.o ABSOLUTE
    _printf_widthprec                        0x00000000   Number         0  printfstubs.o ABSOLUTE
    _printf_x                                0x00000000   Number         0  printfstubs.o ABSOLUTE
    __cpp_initialize__aeabi_                  - Undefined Weak Reference
    __cxa_finalize                            - Undefined Weak Reference
    __decompress                              - Undefined Weak Reference
    _clock_init                               - Undefined Weak Reference
    _microlib_exit                            - Undefined Weak Reference
    __Vectors_Size                           0x000000e8   Number         0  startup_stm32f101xb.o ABSOLUTE
    __Vectors                                0x08000000   Data           4  startup_stm32f101xb.o(RESET)
    __Vectors_End                            0x080000e8   Data           0  startup_stm32f101xb.o(RESET)
    __main                                   0x080000e9   Thumb Code     0  entry.o(.ARM.Collect$$$$00000000)
    _main_stk                                0x080000e9   Thumb Code     0  entry2.o(.ARM.Collect$$$$00000001)
    _main_scatterload                        0x080000ed   Thumb Code     0  entry5.o(.ARM.Collect$$$$00000004)
    __main_after_scatterload                 0x080000f1   Thumb Code     0  entry5.o(.ARM.Collect$$$$00000004)
    _main_clock                              0x080000f1   Thumb Code     0  entry7b.o(.ARM.Collect$$$$00000008)
    _main_cpp_init                           0x080000f1   Thumb Code     0  entry8b.o(.ARM.Collect$$$$0000000A)
    _main_init                               0x080000f1   Thumb Code     0  entry9a.o(.ARM.Collect$$$$0000000B)
    __rt_final_cpp                           0x080000f9   Thumb Code     0  entry10a.o(.ARM.Collect$$$$0000000D)
    __rt_final_exit                          0x080000f9   Thumb Code     0  entry11a.o(.ARM.Collect$$$$0000000F)
    Reset_Handler                            0x080000fd   Thumb Code     8  startup_stm32f101xb.o(.text)
    ADC1_IRQHandler                          0x08000117   Thumb Code     0  startup_stm32f101xb.o(.text)
    DMA1_Channel1_IRQHandler                 0x08000117   Thumb Code     0  startup_stm32f101xb.o(.text)
    DMA1_Channel2_IRQHandler                 0x08000117   Thumb Code     0  startup_stm32f101xb.o(.text)
    DMA1_Channel3_IRQHandler                 0x08000117   Thumb Code     0  startup_stm32f101xb.o(.text)
    DMA1_Channel4_IRQHandler                 0x08000117   Thumb Code     0  startup_stm32f101xb.o(.text)
    DMA1_Channel5_IRQHandler                 0x08000117   Thumb Code     0  startup_stm32f101xb.o(.text)
    DMA1_Channel6_IRQHandler                 0x08000117   Thumb Code     0  startup_stm32f101xb.o(.text)
    DMA1_Channel7_IRQHandler                 0x08000117   Thumb Code     0  startup_stm32f101xb.o(.text)
    EXTI0_IRQHandler                         0x08000117   Thumb Code     0  startup_stm32f101xb.o(.text)
    EXTI1_IRQHandler                         0x08000117   Thumb Code     0  startup_stm32f101xb.o(.text)
    EXTI2_IRQHandler                         0x08000117   Thumb Code     0  startup_stm32f101xb.o(.text)
    EXTI3_IRQHandler                         0x08000117   Thumb Code     0  startup_stm32f101xb.o(.text)
    EXTI4_IRQHandler                         0x08000117   Thumb Code     0  startup_stm32f101xb.o(.text)
    EXTI9_5_IRQHandler                       0x08000117   Thumb Code     0  startup_stm32f101xb.o(.text)
    FLASH_IRQHandler                         0x08000117   Thumb Code     0  startup_stm32f101xb.o(.text)
    I2C1_ER_IRQHandler                       0x08000117   Thumb Code     0  startup_stm32f101xb.o(.text)
    I2C1_EV_IRQHandler                       0x08000117   Thumb Code     0  startup_stm32f101xb.o(.text)
    I2C2_ER_IRQHandler                       0x08000117   Thumb Code     0  startup_stm32f101xb.o(.text)
    I2C2_EV_IRQHandler                       0x08000117   Thumb Code     0  startup_stm32f101xb.o(.text)
    PVD_IRQHandler                           0x08000117   Thumb Code     0  startup_stm32f101xb.o(.text)
    RCC_IRQHandler                           0x08000117   Thumb Code     0  startup_stm32f101xb.o(.text)
    RTC_Alarm_IRQHandler                     0x08000117   Thumb Code     0  startup_stm32f101xb.o(.text)
    RTC_IRQHandler                           0x08000117   Thumb Code     0  startup_stm32f101xb.o(.text)
    SPI1_IRQHandler                          0x08000117   Thumb Code     0  startup_stm32f101xb.o(.text)
    SPI2_IRQHandler                          0x08000117   Thumb Code     0  startup_stm32f101xb.o(.text)
    TAMPER_IRQHandler                        0x08000117   Thumb Code     0  startup_stm32f101xb.o(.text)
    TIM2_IRQHandler                          0x08000117   Thumb Code     0  startup_stm32f101xb.o(.text)
    TIM4_IRQHandler                          0x08000117   Thumb Code     0  startup_stm32f101xb.o(.text)
    USART3_IRQHandler                        0x08000117   Thumb Code     0  startup_stm32f101xb.o(.text)
    WWDG_IRQHandler                          0x08000117   Thumb Code     0  startup_stm32f101xb.o(.text)
    __aeabi_memcpy                           0x08000121   Thumb Code    36  memcpya.o(.text)
    __aeabi_memcpy4                          0x08000121   Thumb Code     0  memcpya.o(.text)
    __aeabi_memcpy8                          0x08000121   Thumb Code     0  memcpya.o(.text)
    __aeabi_memset                           0x08000145   Thumb Code    14  memseta.o(.text)
    __aeabi_memset4                          0x08000145   Thumb Code     0  memseta.o(.text)
    __aeabi_memset8                          0x08000145   Thumb Code     0  memseta.o(.text)
    __aeabi_memclr                           0x08000153   Thumb Code     4  memseta.o(.text)
    __aeabi_memclr4                          0x08000153   Thumb Code     0  memseta.o(.text)
    __aeabi_memclr8                          0x08000153   Thumb Code     0  memseta.o(.text)
    _memset$wrapper                          0x08000157   Thumb Code    18  memseta.o(.text)
    strstr                                   0x08000169   Thumb Code    36  strstr.o(.text)
    strchr                                   0x0800018d   Thumb Code    20  strchr.o(.text)
    strlen                                   0x080001a1   Thumb Code    14  strlen.o(.text)
    __aeabi_dmul                             0x080001af   Thumb Code   228  dmul.o(.text)
    __aeabi_fcmple                           0x08000293   Thumb Code    28  fcmple.o(.text)
    __aeabi_fcmpge                           0x080002af   Thumb Code    28  fcmpge.o(.text)
    __aeabi_dcmplt                           0x080002cb   Thumb Code    54  dcmplt.o(.text)
    __aeabi_dcmpge                           0x08000301   Thumb Code    54  dcmpge.o(.text)
    __aeabi_ui2d                             0x08000337   Thumb Code    26  dfltui.o(.text)
    __aeabi_f2d                              0x08000351   Thumb Code    38  f2d.o(.text)
    __aeabi_d2f                              0x08000377   Thumb Code    56  d2f.o(.text)
    __aeabi_uidiv                            0x080003af   Thumb Code     0  uidiv.o(.text)
    __aeabi_uidivmod                         0x080003af   Thumb Code    44  uidiv.o(.text)
    __aeabi_uldivmod                         0x080003db   Thumb Code    98  uldiv.o(.text)
    __I$use$fp                               0x0800043d   Thumb Code     0  iusefp.o(.text)
    _float_round                             0x0800043d   Thumb Code    18  fepilogue.o(.text)
    _float_epilogue                          0x0800044f   Thumb Code    92  fepilogue.o(.text)
    _double_round                            0x080004ab   Thumb Code    30  depilogue.o(.text)
    _double_epilogue                         0x080004c9   Thumb Code   156  depilogue.o(.text)
    __aeabi_dadd                             0x08000565   Thumb Code   322  dadd.o(.text)
    __aeabi_dsub                             0x080006a7   Thumb Code     6  dadd.o(.text)
    __aeabi_drsub                            0x080006ad   Thumb Code     6  dadd.o(.text)
    __aeabi_ddiv                             0x080006b3   Thumb Code   222  ddiv.o(.text)
    __aeabi_d2ulz                            0x08000791   Thumb Code    48  dfixul.o(.text)
    __aeabi_cdrcmple                         0x080007c1   Thumb Code    48  cdrcmple.o(.text)
    __scatterload                            0x080007f1   Thumb Code    38  init.o(.text)
    __scatterload_rt2                        0x080007f1   Thumb Code     0  init.o(.text)
    __aeabi_llsl                             0x08000821   Thumb Code    30  llshl.o(.text)
    _ll_shift_l                              0x08000821   Thumb Code     0  llshl.o(.text)
    __aeabi_llsr                             0x0800083f   Thumb Code    32  llushr.o(.text)
    _ll_ushift_r                             0x0800083f   Thumb Code     0  llushr.o(.text)
    __aeabi_lasr                             0x0800085f   Thumb Code    36  llsshr.o(.text)
    _ll_sshift_r                             0x0800085f   Thumb Code     0  llsshr.o(.text)
    BusFault_Handler                         0x08000885   Thumb Code     2  stm32f1xx_it.o(.text.BusFault_Handler)
    DebugMon_Handler                         0x08000889   Thumb Code     2  stm32f1xx_it.o(.text.DebugMon_Handler)
    EXTI15_10_IRQHandler                     0x0800088d   Thumb Code     8  speed.o(.text.EXTI15_10_IRQHandler)
    HAL_GPIO_EXTI_Callback                   0x08000895   Thumb Code    62  speed.o(.text.HAL_GPIO_EXTI_Callback)
    HAL_GPIO_EXTI_IRQHandler                 0x080008d5   Thumb Code    22  stm32f1xx_hal_gpio.o(.text.HAL_GPIO_EXTI_IRQHandler)
    HAL_GPIO_Init                            0x080008ed   Thumb Code   514  stm32f1xx_hal_gpio.o(.text.HAL_GPIO_Init)
    HAL_GPIO_ReadPin                         0x08000af1   Thumb Code    10  stm32f1xx_hal_gpio.o(.text.HAL_GPIO_ReadPin)
    HAL_GPIO_WritePin                        0x08000afd   Thumb Code    10  stm32f1xx_hal_gpio.o(.text.HAL_GPIO_WritePin)
    HAL_GetTick                              0x08000b09   Thumb Code    12  stm32f1xx_hal.o(.text.HAL_GetTick)
    HAL_IncTick                              0x08000b15   Thumb Code    26  stm32f1xx_hal.o(.text.HAL_IncTick)
    HAL_Init                                 0x08000b31   Thumb Code    38  stm32f1xx_hal.o(.text.HAL_Init)
    HAL_InitTick                             0x08000b59   Thumb Code    80  stm32f1xx_hal.o(.text.HAL_InitTick)
    HAL_MspInit                              0x08000ba9   Thumb Code     2  stm32f1xx_hal.o(.text.HAL_MspInit)
    HAL_NVIC_EnableIRQ                       0x08000bad   Thumb Code    34  stm32f1xx_hal_cortex.o(.text.HAL_NVIC_EnableIRQ)
    HAL_NVIC_SetPriority                     0x08000bd1   Thumb Code    86  stm32f1xx_hal_cortex.o(.text.HAL_NVIC_SetPriority)
    HAL_NVIC_SetPriorityGrouping             0x08000c29   Thumb Code    32  stm32f1xx_hal_cortex.o(.text.HAL_NVIC_SetPriorityGrouping)
    HAL_RCC_ClockConfig                      0x08000c49   Thumb Code   434  stm32f1xx_hal_rcc.o(.text.HAL_RCC_ClockConfig)
    HAL_RCC_GetPCLK1Freq                     0x08000dfd   Thumb Code    38  stm32f1xx_hal_rcc.o(.text.HAL_RCC_GetPCLK1Freq)
    HAL_RCC_GetPCLK2Freq                     0x08000e25   Thumb Code    38  stm32f1xx_hal_rcc.o(.text.HAL_RCC_GetPCLK2Freq)
    HAL_RCC_OscConfig                        0x08000e4d   Thumb Code   824  stm32f1xx_hal_rcc.o(.text.HAL_RCC_OscConfig)
    HAL_SYSTICK_Config                       0x08001185   Thumb Code    44  stm32f1xx_hal_cortex.o(.text.HAL_SYSTICK_Config)
    HAL_TIMEx_BreakCallback                  0x080011b1   Thumb Code     2  stm32f1xx_hal_tim_ex.o(.text.HAL_TIMEx_BreakCallback)
    HAL_TIMEx_CommutCallback                 0x080011b5   Thumb Code     2  stm32f1xx_hal_tim_ex.o(.text.HAL_TIMEx_CommutCallback)
    HAL_TIM_Base_Init                        0x080011b9   Thumb Code   216  stm32f1xx_hal_tim.o(.text.HAL_TIM_Base_Init)
    HAL_TIM_Base_MspInit                     0x08001291   Thumb Code   102  timer.o(.text.HAL_TIM_Base_MspInit)
    HAL_TIM_Base_Start                       0x080012f9   Thumb Code    94  stm32f1xx_hal_tim.o(.text.HAL_TIM_Base_Start)
    HAL_TIM_Base_Start_IT                    0x08001359   Thumb Code   102  stm32f1xx_hal_tim.o(.text.HAL_TIM_Base_Start_IT)
    HAL_TIM_Base_Stop                        0x080013c1   Thumb Code    42  stm32f1xx_hal_tim.o(.text.HAL_TIM_Base_Stop)
    HAL_TIM_IC_CaptureCallback               0x080013ed   Thumb Code     2  stm32f1xx_hal_tim.o(.text.HAL_TIM_IC_CaptureCallback)
    HAL_TIM_IRQHandler                       0x080013f1   Thumb Code   362  stm32f1xx_hal_tim.o(.text.HAL_TIM_IRQHandler)
    HAL_TIM_OC_DelayElapsedCallback          0x0800155d   Thumb Code     2  stm32f1xx_hal_tim.o(.text.HAL_TIM_OC_DelayElapsedCallback)
    HAL_TIM_PWM_ConfigChannel                0x08001561   Thumb Code   510  stm32f1xx_hal_tim.o(.text.HAL_TIM_PWM_ConfigChannel)
    HAL_TIM_PWM_Init                         0x08001761   Thumb Code   216  stm32f1xx_hal_tim.o(.text.HAL_TIM_PWM_Init)
    HAL_TIM_PWM_MspInit                      0x08001839   Thumb Code    98  sg90.o(.text.HAL_TIM_PWM_MspInit)
    HAL_TIM_PWM_PulseFinishedCallback        0x0800189d   Thumb Code     2  stm32f1xx_hal_tim.o(.text.HAL_TIM_PWM_PulseFinishedCallback)
    HAL_TIM_PWM_Start                        0x080018a1   Thumb Code   184  stm32f1xx_hal_tim.o(.text.HAL_TIM_PWM_Start)
    HAL_TIM_PeriodElapsedCallback            0x08001959   Thumb Code    84  speed.o(.text.HAL_TIM_PeriodElapsedCallback)
    HAL_TIM_TriggerCallback                  0x080019bd   Thumb Code     2  stm32f1xx_hal_tim.o(.text.HAL_TIM_TriggerCallback)
    HAL_UART_Init                            0x080019c1   Thumb Code   224  stm32f1xx_hal_uart.o(.text.HAL_UART_Init)
    HAL_UART_MspInit                         0x08001aa1   Thumb Code   288  uart1.o(.text.HAL_UART_MspInit)
    HAL_UART_Receive                         0x08001bc1   Thumb Code   294  stm32f1xx_hal_uart.o(.text.HAL_UART_Receive)
    HAL_UART_Transmit                        0x08001ce9   Thumb Code   360  stm32f1xx_hal_uart.o(.text.HAL_UART_Transmit)
    HardFault_Handler                        0x08001e51   Thumb Code     2  stm32f1xx_it.o(.text.HardFault_Handler)
    MemManage_Handler                        0x08001e55   Thumb Code     2  stm32f1xx_it.o(.text.MemManage_Handler)
    NMI_Handler                              0x08001e59   Thumb Code     2  stm32f1xx_it.o(.text.NMI_Handler)
    PendSV_Handler                           0x08001e5d   Thumb Code     2  stm32f1xx_it.o(.text.PendSV_Handler)
    SVC_Handler                              0x08001e61   Thumb Code     2  stm32f1xx_it.o(.text.SVC_Handler)
    SysTick_Handler                          0x08001e65   Thumb Code     4  stm32f1xx_it.o(.text.SysTick_Handler)
    SystemInit                               0x08001e69   Thumb Code     2  system_stm32f1xx.o(.text.SystemInit)
    TIM2_Init                                0x08001e6d   Thumb Code    30  timer.o(.text.TIM2_Init)
    TIM3_IRQHandler                          0x08001e8d   Thumb Code    12  speed.o(.text.TIM3_IRQHandler)
    TIM3_Init                                0x08001e99   Thumb Code    52  timer.o(.text.TIM3_Init)
    USART1_IRQHandler                        0x08001ecd   Thumb Code   140  uart1.o(.text.USART1_IRQHandler)
    USART2_IRQHandler                        0x08001f65   Thumb Code    90  esp8266.o(.text.USART2_IRQHandler)
    UsageFault_Handler                       0x08001fc1   Thumb Code     2  stm32f1xx_it.o(.text.UsageFault_Handler)
    delay_ms                                 0x08001fc5   Thumb Code    72  delay.o(.text.delay_ms)
    delay_us                                 0x0800200d   Thumb Code    56  delay.o(.text.delay_us)
    escape_mode                              0x08002045   Thumb Code   220  main.o(.text.escape_mode)
    esp8266_connect_tcp_server               0x08002121   Thumb Code   148  esp8266.o(.text.esp8266_connect_tcp_server)
    esp8266_connectionMode                   0x080021d9   Thumb Code   152  esp8266.o(.text.esp8266_connectionMode)
    esp8266_enter_unvarnished                0x08002281   Thumb Code   224  esp8266.o(.text.esp8266_enter_unvarnished)
    esp8266_init                             0x08002381   Thumb Code   644  esp8266.o(.text.esp8266_init)
    esp8266_joinAp                           0x08002691   Thumb Code   152  esp8266.o(.text.esp8266_joinAp)
    esp8266_receive_data                     0x08002741   Thumb Code   100  esp8266.o(.text.esp8266_receive_data)
    esp8266_send_data                        0x080027b9   Thumb Code    66  esp8266.o(.text.esp8266_send_data)
    follow_init                              0x080027fd   Thumb Code    62  follow.o(.text.follow_init)
    fputc                                    0x0800283d   Thumb Code    20  uart1.o(.text.fputc)
    get_hcsr04_distance                      0x08002851   Thumb Code   132  hcsr04.o(.text.get_hcsr04_distance)
    get_left_follow                          0x080028d5   Thumb Code    24  follow.o(.text.get_left_follow)
    get_left_track                           0x080028ed   Thumb Code    24  track.o(.text.get_left_track)
    get_right_follow                         0x08002905   Thumb Code    24  follow.o(.text.get_right_follow)
    get_right_track                          0x0800291d   Thumb Code    24  track.o(.text.get_right_track)
    hcsr04_init                              0x08002935   Thumb Code   108  hcsr04.o(.text.hcsr04_init)
    led1_on                                  0x080029a1   Thumb Code    18  led.o(.text.led1_on)
    led2_off                                 0x080029b5   Thumb Code    18  led.o(.text.led2_off)
    led_init                                 0x080029c9   Thumb Code    92  led.o(.text.led_init)
    main                                     0x08002a25   Thumb Code   406  main.o(.text.main)
    manual_mode                              0x08002bbd   Thumb Code   112  main.o(.text.manual_mode)
    motor_backward                           0x08002c3d   Thumb Code    56  motor.o(.text.motor_backward)
    motor_forward                            0x08002c75   Thumb Code    56  motor.o(.text.motor_forward)
    motor_init                               0x08002cad   Thumb Code   108  motor.o(.text.motor_init)
    motor_left                               0x08002d19   Thumb Code    56  motor.o(.text.motor_left)
    motor_right                              0x08002d51   Thumb Code    56  motor.o(.text.motor_right)
    motor_stop                               0x08002d89   Thumb Code    56  motor.o(.text.motor_stop)
    oled_display_char                        0x08002dc1   Thumb Code   190  oled.o(.text.oled_display_char)
    oled_display_string                      0x08002e81   Thumb Code    56  oled.o(.text.oled_display_string)
    oled_fill                                0x08002eb9   Thumb Code    78  oled.o(.text.oled_fill)
    oled_init                                0x08002f09   Thumb Code   322  oled.o(.text.oled_init)
    oled_write_cmd                           0x0800304d   Thumb Code   330  oled.o(.text.oled_write_cmd)
    oled_write_data                          0x08003199   Thumb Code   334  oled.o(.text.oled_write_data)
    sg90_init                                0x080032e9   Thumb Code    86  sg90.o(.text.sg90_init)
    sg90_left                                0x08003341   Thumb Code    16  sg90.o(.text.sg90_left)
    sg90_middle                              0x08003351   Thumb Code    16  sg90.o(.text.sg90_middle)
    sg90_right                               0x08003361   Thumb Code    16  sg90.o(.text.sg90_right)
    speed_init                               0x08003371   Thumb Code    86  speed.o(.text.speed_init)
    stm32_clock_init                         0x080033c9   Thumb Code    90  sys.o(.text.stm32_clock_init)
    track_init                               0x08003425   Thumb Code    62  track.o(.text.track_init)
    uart1_init                               0x08003465   Thumb Code    42  uart1.o(.text.uart1_init)
    voice_init                               0x08003491   Thumb Code    60  voice.o(.text.voice_init)
    __0printf                                0x080034cd   Thumb Code    22  printfa.o(i.__0printf)
    __1printf                                0x080034cd   Thumb Code     0  printfa.o(i.__0printf)
    __2printf                                0x080034cd   Thumb Code     0  printfa.o(i.__0printf)
    __c89printf                              0x080034cd   Thumb Code     0  printfa.o(i.__0printf)
    printf                                   0x080034cd   Thumb Code     0  printfa.o(i.__0printf)
    __0sprintf                               0x080034ed   Thumb Code    34  printfa.o(i.__0sprintf)
    __1sprintf                               0x080034ed   Thumb Code     0  printfa.o(i.__0sprintf)
    __2sprintf                               0x080034ed   Thumb Code     0  printfa.o(i.__0sprintf)
    __c89sprintf                             0x080034ed   Thumb Code     0  printfa.o(i.__0sprintf)
    sprintf                                  0x080034ed   Thumb Code     0  printfa.o(i.__0sprintf)
    __0vsprintf                              0x08003515   Thumb Code    30  printfa.o(i.__0vsprintf)
    __1vsprintf                              0x08003515   Thumb Code     0  printfa.o(i.__0vsprintf)
    __2vsprintf                              0x08003515   Thumb Code     0  printfa.o(i.__0vsprintf)
    __c89vsprintf                            0x08003515   Thumb Code     0  printfa.o(i.__0vsprintf)
    vsprintf                                 0x08003515   Thumb Code     0  printfa.o(i.__0vsprintf)
    __scatterload_copy                       0x08003539   Thumb Code    14  handlers.o(i.__scatterload_copy)
    __scatterload_null                       0x08003547   Thumb Code     2  handlers.o(i.__scatterload_null)
    __scatterload_zeroinit                   0x08003549   Thumb Code    14  handlers.o(i.__scatterload_zeroinit)
    puts                                     0x08003e15   Thumb Code    30  puts.o(i.puts)
    AHBPrescTable                            0x08003e38   Data          16  system_stm32f1xx.o(.rodata.AHBPrescTable)
    APBPrescTable                            0x08003e48   Data           8  system_stm32f1xx.o(.rodata.APBPrescTable)
    ascii_12X24                              0x08003e52   Data        3420  oled.o(.rodata.ascii_12X24)
    ascii_6X12                               0x08004bae   Data        1140  oled.o(.rodata.ascii_6X12)
    ascii_8X16                               0x08005022   Data        1520  oled.o(.rodata.ascii_8X16)
    Region$$Table$$Base                      0x08005718   Number         0  anon$$obj.o(Region$$Table)
    Region$$Table$$Limit                     0x08005738   Number         0  anon$$obj.o(Region$$Table)
    __stdout                                 0x20000000   Data           4  stdout.o(.data)
    SystemCoreClock                          0x20000004   Data           4  system_stm32f1xx.o(.data.SystemCoreClock)
    uwTickFreq                               0x20000008   Data           1  stm32f1xx_hal.o(.data.uwTickFreq)
    uwTickPrio                               0x2000000c   Data           4  stm32f1xx_hal.o(.data.uwTickPrio)
    esp8266_cnt                              0x20000010   Data           2  esp8266.o(.bss.esp8266_cnt)
    esp8266_cntPre                           0x20000012   Data           2  esp8266.o(.bss.esp8266_cntPre)
    esp8266_handle                           0x20000014   Data          72  esp8266.o(.bss.esp8266_handle)
    esp8266_rx_buf                           0x2000005c   Data         128  esp8266.o(.bss.esp8266_rx_buf)
    esp8266_tx_buf                           0x200000dc   Data          64  esp8266.o(.bss.esp8266_tx_buf)
    htim3                                    0x2000011c   Data          72  timer.o(.bss.htim3)
    left                                     0x20000168   Data           8  main.o(.bss.left)
    middle                                   0x20000170   Data           8  main.o(.bss.middle)
    pwm_handler                              0x20000178   Data          72  sg90.o(.bss.pwm_handler)
    recv_data                                0x200001c0   Data         128  main.o(.bss.recv_data)
    right                                    0x20000240   Data           8  main.o(.bss.right)
    speed_cnt                                0x20000248   Data           2  speed.o(.bss.speed_cnt)
    speed_str                                0x2000024c   Data          24  speed.o(.bss.speed_str)
    tim2_handler                             0x20000264   Data          72  timer.o(.bss.tim2_handler)
    uart1_handle                             0x200002ac   Data          72  uart1.o(.bss.uart1_handle)
    uart1_rx_buf                             0x200002f4   Data         128  uart1.o(.bss.uart1_rx_buf)
    uart1_rx_len                             0x20000374   Data           2  uart1.o(.bss.uart1_rx_len)
    uwTick                                   0x20000378   Data           4  stm32f1xx_hal.o(.bss.uwTick)
    __initial_sp                             0x20000780   Data           0  startup_stm32f101xb.o(STACK)



==============================================================================

Memory Map of the image

  Image Entry point : 0x080000e9

  Load Region LR_IROM1 (Base: 0x08000000, Size: 0x00005748, Max: 0x00010000, ABSOLUTE)

    Execution Region ER_IROM1 (Exec base: 0x08000000, Load base: 0x08000000, Size: 0x00005738, Max: 0x00010000, ABSOLUTE)

    Exec Addr    Load Addr    Size         Type   Attr      Idx    E Section Name        Object

    0x08000000   0x08000000   0x000000e8   Data   RO            3    RESET               startup_stm32f101xb.o
    0x080000e8   0x080000e8   0x00000000   Code   RO         1108  * .ARM.Collect$$$$00000000  mc_w.l(entry.o)
    0x080000e8   0x080000e8   0x00000004   Code   RO         1404    .ARM.Collect$$$$00000001  mc_w.l(entry2.o)
    0x080000ec   0x080000ec   0x00000004   Code   RO         1407    .ARM.Collect$$$$00000004  mc_w.l(entry5.o)
    0x080000f0   0x080000f0   0x00000000   Code   RO         1409    .ARM.Collect$$$$00000008  mc_w.l(entry7b.o)
    0x080000f0   0x080000f0   0x00000000   Code   RO         1411    .ARM.Collect$$$$0000000A  mc_w.l(entry8b.o)
    0x080000f0   0x080000f0   0x00000008   Code   RO         1412    .ARM.Collect$$$$0000000B  mc_w.l(entry9a.o)
    0x080000f8   0x080000f8   0x00000000   Code   RO         1414    .ARM.Collect$$$$0000000D  mc_w.l(entry10a.o)
    0x080000f8   0x080000f8   0x00000000   Code   RO         1416    .ARM.Collect$$$$0000000F  mc_w.l(entry11a.o)
    0x080000f8   0x080000f8   0x00000004   Code   RO         1405    .ARM.Collect$$$$00002712  mc_w.l(entry2.o)
    0x080000fc   0x080000fc   0x00000024   Code   RO            4    .text               startup_stm32f101xb.o
    0x08000120   0x08000120   0x00000024   Code   RO         1115    .text               mc_w.l(memcpya.o)
    0x08000144   0x08000144   0x00000024   Code   RO         1117    .text               mc_w.l(memseta.o)
    0x08000168   0x08000168   0x00000024   Code   RO         1119    .text               mc_w.l(strstr.o)
    0x0800018c   0x0800018c   0x00000014   Code   RO         1121    .text               mc_w.l(strchr.o)
    0x080001a0   0x080001a0   0x0000000e   Code   RO         1123    .text               mc_w.l(strlen.o)
    0x080001ae   0x080001ae   0x000000e4   Code   RO         1388    .text               mf_w.l(dmul.o)
    0x08000292   0x08000292   0x0000001c   Code   RO         1390    .text               mf_w.l(fcmple.o)
    0x080002ae   0x080002ae   0x0000001c   Code   RO         1392    .text               mf_w.l(fcmpge.o)
    0x080002ca   0x080002ca   0x00000036   Code   RO         1394    .text               mf_w.l(dcmplt.o)
    0x08000300   0x08000300   0x00000036   Code   RO         1396    .text               mf_w.l(dcmpge.o)
    0x08000336   0x08000336   0x0000001a   Code   RO         1398    .text               mf_w.l(dfltui.o)
    0x08000350   0x08000350   0x00000026   Code   RO         1400    .text               mf_w.l(f2d.o)
    0x08000376   0x08000376   0x00000038   Code   RO         1402    .text               mf_w.l(d2f.o)
    0x080003ae   0x080003ae   0x0000002c   Code   RO         1428    .text               mc_w.l(uidiv.o)
    0x080003da   0x080003da   0x00000062   Code   RO         1430    .text               mc_w.l(uldiv.o)
    0x0800043c   0x0800043c   0x00000000   Code   RO         1432    .text               mc_w.l(iusefp.o)
    0x0800043c   0x0800043c   0x0000006e   Code   RO         1433    .text               mf_w.l(fepilogue.o)
    0x080004aa   0x080004aa   0x000000ba   Code   RO         1435    .text               mf_w.l(depilogue.o)
    0x08000564   0x08000564   0x0000014e   Code   RO         1437    .text               mf_w.l(dadd.o)
    0x080006b2   0x080006b2   0x000000de   Code   RO         1439    .text               mf_w.l(ddiv.o)
    0x08000790   0x08000790   0x00000030   Code   RO         1441    .text               mf_w.l(dfixul.o)
    0x080007c0   0x080007c0   0x00000030   Code   RO         1443    .text               mf_w.l(cdrcmple.o)
    0x080007f0   0x080007f0   0x00000030   Code   RO         1445    .text               mc_w.l(init.o)
    0x08000820   0x08000820   0x0000001e   Code   RO         1447    .text               mc_w.l(llshl.o)
    0x0800083e   0x0800083e   0x00000020   Code   RO         1449    .text               mc_w.l(llushr.o)
    0x0800085e   0x0800085e   0x00000024   Code   RO         1451    .text               mc_w.l(llsshr.o)
    0x08000882   0x08000882   0x00000002   PAD
    0x08000884   0x08000884   0x00000002   Code   RO           40    .text.BusFault_Handler  stm32f1xx_it.o
    0x08000886   0x08000886   0x00000002   PAD
    0x08000888   0x08000888   0x00000002   Code   RO           46    .text.DebugMon_Handler  stm32f1xx_it.o
    0x0800088a   0x0800088a   0x00000002   PAD
    0x0800088c   0x0800088c   0x00000008   Code   RO          118    .text.EXTI15_10_IRQHandler  speed.o
    0x08000894   0x08000894   0x0000003e   Code   RO          120    .text.HAL_GPIO_EXTI_Callback  speed.o
    0x080008d2   0x080008d2   0x00000002   PAD
    0x080008d4   0x080008d4   0x00000016   Code   RO          508    .text.HAL_GPIO_EXTI_IRQHandler  stm32f1xx_hal_gpio.o
    0x080008ea   0x080008ea   0x00000002   PAD
    0x080008ec   0x080008ec   0x00000202   Code   RO          496    .text.HAL_GPIO_Init  stm32f1xx_hal_gpio.o
    0x08000aee   0x08000aee   0x00000002   PAD
    0x08000af0   0x08000af0   0x0000000a   Code   RO          500    .text.HAL_GPIO_ReadPin  stm32f1xx_hal_gpio.o
    0x08000afa   0x08000afa   0x00000002   PAD
    0x08000afc   0x08000afc   0x0000000a   Code   RO          502    .text.HAL_GPIO_WritePin  stm32f1xx_hal_gpio.o
    0x08000b06   0x08000b06   0x00000002   PAD
    0x08000b08   0x08000b08   0x0000000c   Code   RO          375    .text.HAL_GetTick   stm32f1xx_hal.o
    0x08000b14   0x08000b14   0x0000001a   Code   RO          373    .text.HAL_IncTick   stm32f1xx_hal.o
    0x08000b2e   0x08000b2e   0x00000002   PAD
    0x08000b30   0x08000b30   0x00000026   Code   RO          363    .text.HAL_Init      stm32f1xx_hal.o
    0x08000b56   0x08000b56   0x00000002   PAD
    0x08000b58   0x08000b58   0x00000050   Code   RO          365    .text.HAL_InitTick  stm32f1xx_hal.o
    0x08000ba8   0x08000ba8   0x00000002   Code   RO          367    .text.HAL_MspInit   stm32f1xx_hal.o
    0x08000baa   0x08000baa   0x00000002   PAD
    0x08000bac   0x08000bac   0x00000022   Code   RO          428    .text.HAL_NVIC_EnableIRQ  stm32f1xx_hal_cortex.o
    0x08000bce   0x08000bce   0x00000002   PAD
    0x08000bd0   0x08000bd0   0x00000056   Code   RO          426    .text.HAL_NVIC_SetPriority  stm32f1xx_hal_cortex.o
    0x08000c26   0x08000c26   0x00000002   PAD
    0x08000c28   0x08000c28   0x00000020   Code   RO          424    .text.HAL_NVIC_SetPriorityGrouping  stm32f1xx_hal_cortex.o
    0x08000c48   0x08000c48   0x000001b2   Code   RO          742    .text.HAL_RCC_ClockConfig  stm32f1xx_hal_rcc.o
    0x08000dfa   0x08000dfa   0x00000002   PAD
    0x08000dfc   0x08000dfc   0x00000026   Code   RO          754    .text.HAL_RCC_GetPCLK1Freq  stm32f1xx_hal_rcc.o
    0x08000e22   0x08000e22   0x00000002   PAD
    0x08000e24   0x08000e24   0x00000026   Code   RO          756    .text.HAL_RCC_GetPCLK2Freq  stm32f1xx_hal_rcc.o
    0x08000e4a   0x08000e4a   0x00000002   PAD
    0x08000e4c   0x08000e4c   0x00000338   Code   RO          740    .text.HAL_RCC_OscConfig  stm32f1xx_hal_rcc.o
    0x08001184   0x08001184   0x0000002c   Code   RO          436    .text.HAL_SYSTICK_Config  stm32f1xx_hal_cortex.o
    0x080011b0   0x080011b0   0x00000002   Code   RO         1095    .text.HAL_TIMEx_BreakCallback  stm32f1xx_hal_tim_ex.o
    0x080011b2   0x080011b2   0x00000002   PAD
    0x080011b4   0x080011b4   0x00000002   Code   RO         1091    .text.HAL_TIMEx_CommutCallback  stm32f1xx_hal_tim_ex.o
    0x080011b6   0x080011b6   0x00000002   PAD
    0x080011b8   0x080011b8   0x000000d8   Code   RO          790    .text.HAL_TIM_Base_Init  stm32f1xx_hal_tim.o
    0x08001290   0x08001290   0x00000066   Code   RO          347    .text.HAL_TIM_Base_MspInit  timer.o
    0x080012f6   0x080012f6   0x00000002   PAD
    0x080012f8   0x080012f8   0x0000005e   Code   RO          800    .text.HAL_TIM_Base_Start  stm32f1xx_hal_tim.o
    0x08001356   0x08001356   0x00000002   PAD
    0x08001358   0x08001358   0x00000066   Code   RO          804    .text.HAL_TIM_Base_Start_IT  stm32f1xx_hal_tim.o
    0x080013be   0x080013be   0x00000002   PAD
    0x080013c0   0x080013c0   0x0000002a   Code   RO          802    .text.HAL_TIM_Base_Stop  stm32f1xx_hal_tim.o
    0x080013ea   0x080013ea   0x00000002   PAD
    0x080013ec   0x080013ec   0x00000002   Code   RO          926    .text.HAL_TIM_IC_CaptureCallback  stm32f1xx_hal_tim.o
    0x080013ee   0x080013ee   0x00000002   PAD
    0x080013f0   0x080013f0   0x0000016a   Code   RO          924    .text.HAL_TIM_IRQHandler  stm32f1xx_hal_tim.o
    0x0800155a   0x0800155a   0x00000002   PAD
    0x0800155c   0x0800155c   0x00000002   Code   RO          928    .text.HAL_TIM_OC_DelayElapsedCallback  stm32f1xx_hal_tim.o
    0x0800155e   0x0800155e   0x00000002   PAD
    0x08001560   0x08001560   0x000001fe   Code   RO          944    .text.HAL_TIM_PWM_ConfigChannel  stm32f1xx_hal_tim.o
    0x0800175e   0x0800175e   0x00000002   PAD
    0x08001760   0x08001760   0x000000d8   Code   RO          844    .text.HAL_TIM_PWM_Init  stm32f1xx_hal_tim.o
    0x08001838   0x08001838   0x00000062   Code   RO          257    .text.HAL_TIM_PWM_MspInit  sg90.o
    0x0800189a   0x0800189a   0x00000002   PAD
    0x0800189c   0x0800189c   0x00000002   Code   RO          930    .text.HAL_TIM_PWM_PulseFinishedCallback  stm32f1xx_hal_tim.o
    0x0800189e   0x0800189e   0x00000002   PAD
    0x080018a0   0x080018a0   0x000000b8   Code   RO          852    .text.HAL_TIM_PWM_Start  stm32f1xx_hal_tim.o
    0x08001958   0x08001958   0x00000064   Code   RO          124    .text.HAL_TIM_PeriodElapsedCallback  speed.o
    0x080019bc   0x080019bc   0x00000002   Code   RO          934    .text.HAL_TIM_TriggerCallback  stm32f1xx_hal_tim.o
    0x080019be   0x080019be   0x00000002   PAD
    0x080019c0   0x080019c0   0x000000e0   Code   RO          534    .text.HAL_UART_Init  stm32f1xx_hal_uart.o
    0x08001aa0   0x08001aa0   0x00000120   Code   RO          321    .text.HAL_UART_MspInit  uart1.o
    0x08001bc0   0x08001bc0   0x00000126   Code   RO          550    .text.HAL_UART_Receive  stm32f1xx_hal_uart.o
    0x08001ce6   0x08001ce6   0x00000002   PAD
    0x08001ce8   0x08001ce8   0x00000168   Code   RO          548    .text.HAL_UART_Transmit  stm32f1xx_hal_uart.o
    0x08001e50   0x08001e50   0x00000002   Code   RO           36    .text.HardFault_Handler  stm32f1xx_it.o
    0x08001e52   0x08001e52   0x00000002   PAD
    0x08001e54   0x08001e54   0x00000002   Code   RO           38    .text.MemManage_Handler  stm32f1xx_it.o
    0x08001e56   0x08001e56   0x00000002   PAD
    0x08001e58   0x08001e58   0x00000002   Code   RO           34    .text.NMI_Handler   stm32f1xx_it.o
    0x08001e5a   0x08001e5a   0x00000002   PAD
    0x08001e5c   0x08001e5c   0x00000002   Code   RO           48    .text.PendSV_Handler  stm32f1xx_it.o
    0x08001e5e   0x08001e5e   0x00000002   PAD
    0x08001e60   0x08001e60   0x00000002   Code   RO           44    .text.SVC_Handler   stm32f1xx_it.o
    0x08001e62   0x08001e62   0x00000002   PAD
    0x08001e64   0x08001e64   0x00000004   Code   RO           50    .text.SysTick_Handler  stm32f1xx_it.o
    0x08001e68   0x08001e68   0x00000002   Code   RO           59    .text.SystemInit    system_stm32f1xx.o
    0x08001e6a   0x08001e6a   0x00000002   PAD
    0x08001e6c   0x08001e6c   0x0000001e   Code   RO          351    .text.TIM2_Init     timer.o
    0x08001e8a   0x08001e8a   0x00000002   PAD
    0x08001e8c   0x08001e8c   0x0000000c   Code   RO          122    .text.TIM3_IRQHandler  speed.o
    0x08001e98   0x08001e98   0x00000034   Code   RO          349    .text.TIM3_Init     timer.o
    0x08001ecc   0x08001ecc   0x00000098   Code   RO          325    .text.USART1_IRQHandler  uart1.o
    0x08001f64   0x08001f64   0x0000005a   Code   RO          178    .text.USART2_IRQHandler  esp8266.o
    0x08001fbe   0x08001fbe   0x00000002   PAD
    0x08001fc0   0x08001fc0   0x00000002   Code   RO           42    .text.UsageFault_Handler  stm32f1xx_it.o
    0x08001fc2   0x08001fc2   0x00000002   PAD
    0x08001fc4   0x08001fc4   0x00000048   Code   RO          303    .text.delay_ms      delay.o
    0x0800200c   0x0800200c   0x00000038   Code   RO          301    .text.delay_us      delay.o
    0x08002044   0x08002044   0x000000dc   Code   RO           13    .text.escape_mode   main.o
    0x08002120   0x08002120   0x000000b8   Code   RO          198    .text.esp8266_connect_tcp_server  esp8266.o
    0x080021d8   0x080021d8   0x000000a8   Code   RO          196    .text.esp8266_connectionMode  esp8266.o
    0x08002280   0x08002280   0x00000100   Code   RO          200    .text.esp8266_enter_unvarnished  esp8266.o
    0x08002380   0x08002380   0x00000310   Code   RO          202    .text.esp8266_init  esp8266.o
    0x08002690   0x08002690   0x000000b0   Code   RO          194    .text.esp8266_joinAp  esp8266.o
    0x08002740   0x08002740   0x00000078   Code   RO          184    .text.esp8266_receive_data  esp8266.o
    0x080027b8   0x080027b8   0x00000042   Code   RO          186    .text.esp8266_send_data  esp8266.o
    0x080027fa   0x080027fa   0x00000002   PAD
    0x080027fc   0x080027fc   0x0000003e   Code   RO          220    .text.follow_init   follow.o
    0x0800283a   0x0800283a   0x00000002   PAD
    0x0800283c   0x0800283c   0x00000014   Code   RO          317    .text.fputc         uart1.o
    0x08002850   0x08002850   0x00000084   Code   RO          245    .text.get_hcsr04_distance  hcsr04.o
    0x080028d4   0x080028d4   0x00000018   Code   RO          222    .text.get_left_follow  follow.o
    0x080028ec   0x080028ec   0x00000018   Code   RO          282    .text.get_left_track  track.o
    0x08002904   0x08002904   0x00000018   Code   RO          224    .text.get_right_follow  follow.o
    0x0800291c   0x0800291c   0x00000018   Code   RO          284    .text.get_right_track  track.o
    0x08002934   0x08002934   0x0000006c   Code   RO          243    .text.hcsr04_init   hcsr04.o
    0x080029a0   0x080029a0   0x00000012   Code   RO           80    .text.led1_on       led.o
    0x080029b2   0x080029b2   0x00000002   PAD
    0x080029b4   0x080029b4   0x00000012   Code   RO           78    .text.led2_off      led.o
    0x080029c6   0x080029c6   0x00000002   PAD
    0x080029c8   0x080029c8   0x0000005c   Code   RO           74    .text.led_init      led.o
    0x08002a24   0x08002a24   0x00000196   Code   RO           19    .text.main          main.o
    0x08002bba   0x08002bba   0x00000002   PAD
    0x08002bbc   0x08002bbc   0x00000080   Code   RO           11    .text.manual_mode   main.o
    0x08002c3c   0x08002c3c   0x00000038   Code   RO           99    .text.motor_backward  motor.o
    0x08002c74   0x08002c74   0x00000038   Code   RO           97    .text.motor_forward  motor.o
    0x08002cac   0x08002cac   0x0000006c   Code   RO           95    .text.motor_init    motor.o
    0x08002d18   0x08002d18   0x00000038   Code   RO          101    .text.motor_left    motor.o
    0x08002d50   0x08002d50   0x00000038   Code   RO          103    .text.motor_right   motor.o
    0x08002d88   0x08002d88   0x00000038   Code   RO          105    .text.motor_stop    motor.o
    0x08002dc0   0x08002dc0   0x000000be   Code   RO          156    .text.oled_display_char  oled.o
    0x08002e7e   0x08002e7e   0x00000002   PAD
    0x08002e80   0x08002e80   0x00000038   Code   RO          158    .text.oled_display_string  oled.o
    0x08002eb8   0x08002eb8   0x0000004e   Code   RO          154    .text.oled_fill     oled.o
    0x08002f06   0x08002f06   0x00000002   PAD
    0x08002f08   0x08002f08   0x00000142   Code   RO          138    .text.oled_init     oled.o
    0x0800304a   0x0800304a   0x00000002   PAD
    0x0800304c   0x0800304c   0x0000014a   Code   RO          140    .text.oled_write_cmd  oled.o
    0x08003196   0x08003196   0x00000002   PAD
    0x08003198   0x08003198   0x0000014e   Code   RO          150    .text.oled_write_data  oled.o
    0x080032e6   0x080032e6   0x00000002   PAD
    0x080032e8   0x080032e8   0x00000056   Code   RO          261    .text.sg90_init     sg90.o
    0x0800333e   0x0800333e   0x00000002   PAD
    0x08003340   0x08003340   0x00000010   Code   RO          265    .text.sg90_left     sg90.o
    0x08003350   0x08003350   0x00000010   Code   RO          267    .text.sg90_middle   sg90.o
    0x08003360   0x08003360   0x00000010   Code   RO          269    .text.sg90_right    sg90.o
    0x08003370   0x08003370   0x00000056   Code   RO          116    .text.speed_init    speed.o
    0x080033c6   0x080033c6   0x00000002   PAD
    0x080033c8   0x080033c8   0x0000005a   Code   RO          338    .text.stm32_clock_init  sys.o
    0x08003422   0x08003422   0x00000002   PAD
    0x08003424   0x08003424   0x0000003e   Code   RO          280    .text.track_init    track.o
    0x08003462   0x08003462   0x00000002   PAD
    0x08003464   0x08003464   0x0000002a   Code   RO          319    .text.uart1_init    uart1.o
    0x0800348e   0x0800348e   0x00000002   PAD
    0x08003490   0x08003490   0x0000003c   Code   RO          293    .text.voice_init    voice.o
    0x080034cc   0x080034cc   0x00000020   Code   RO         1360    i.__0printf         mc_w.l(printfa.o)
    0x080034ec   0x080034ec   0x00000028   Code   RO         1362    i.__0sprintf        mc_w.l(printfa.o)
    0x08003514   0x08003514   0x00000024   Code   RO         1366    i.__0vsprintf       mc_w.l(printfa.o)
    0x08003538   0x08003538   0x0000000e   Code   RO         1455    i.__scatterload_copy  mc_w.l(handlers.o)
    0x08003546   0x08003546   0x00000002   Code   RO         1456    i.__scatterload_null  mc_w.l(handlers.o)
    0x08003548   0x08003548   0x0000000e   Code   RO         1457    i.__scatterload_zeroinit  mc_w.l(handlers.o)
    0x08003556   0x08003556   0x00000002   PAD
    0x08003558   0x08003558   0x00000184   Code   RO         1367    i._fp_digits        mc_w.l(printfa.o)
    0x080036dc   0x080036dc   0x000006dc   Code   RO         1368    i._printf_core      mc_w.l(printfa.o)
    0x08003db8   0x08003db8   0x00000024   Code   RO         1369    i._printf_post_padding  mc_w.l(printfa.o)
    0x08003ddc   0x08003ddc   0x0000002e   Code   RO         1370    i._printf_pre_padding  mc_w.l(printfa.o)
    0x08003e0a   0x08003e0a   0x0000000a   Code   RO         1372    i._sputc            mc_w.l(printfa.o)
    0x08003e14   0x08003e14   0x00000024   Code   RO         1111    i.puts              mc_w.l(puts.o)
    0x08003e38   0x08003e38   0x00000010   Data   RO           64    .rodata.AHBPrescTable  system_stm32f1xx.o
    0x08003e48   0x08003e48   0x00000008   Data   RO           65    .rodata.APBPrescTable  system_stm32f1xx.o
    0x08003e50   0x08003e50   0x00000002   Data   RO          767    .rodata.HAL_RCC_GetSysClockFreq.aPredivFactorTable  stm32f1xx_hal_rcc.o
    0x08003e52   0x08003e52   0x00000d5c   Data   RO          166    .rodata.ascii_12X24  oled.o
    0x08004bae   0x08004bae   0x00000474   Data   RO          164    .rodata.ascii_6X12  oled.o
    0x08005022   0x08005022   0x000005f0   Data   RO          165    .rodata.ascii_8X16  oled.o
    0x08005612   0x08005612   0x00000010   Data   RO          766    .rodata.cst16       stm32f1xx_hal_rcc.o
    0x08005622   0x08005622   0x0000000e   Data   RO           25    .rodata.str1.1      main.o
    0x08005630   0x08005630   0x000000e5   Data   RO          211    .rodata.str1.1      esp8266.o
    0x08005715   0x08005715   0x00000003   PAD
    0x08005718   0x08005718   0x00000020   Data   RO         1454    Region$$Table       anon$$obj.o


    Execution Region RW_IRAM1 (Exec base: 0x20000000, Load base: 0x08005738, Size: 0x00000780, Max: 0x00005000, ABSOLUTE)

    Exec Addr    Load Addr    Size         Type   Attr      Idx    E Section Name        Object

    0x20000000   0x08005738   0x00000004   Data   RW         1418    .data               mc_w.l(stdout.o)
    0x20000004   0x0800573c   0x00000004   Data   RW           63    .data.SystemCoreClock  system_stm32f1xx.o
    0x20000008   0x08005740   0x00000001   Data   RW          414    .data.uwTickFreq    stm32f1xx_hal.o
    0x20000009   0x08005741   0x00000003   PAD
    0x2000000c   0x08005744   0x00000004   Data   RW          413    .data.uwTickPrio    stm32f1xx_hal.o
    0x20000010        -       0x00000002   Zero   RW          206    .bss.esp8266_cnt    esp8266.o
    0x20000012        -       0x00000002   Zero   RW          207    .bss.esp8266_cntPre  esp8266.o
    0x20000014        -       0x00000048   Zero   RW          208    .bss.esp8266_handle  esp8266.o
    0x2000005c        -       0x00000080   Zero   RW          209    .bss.esp8266_rx_buf  esp8266.o
    0x200000dc        -       0x00000040   Zero   RW          210    .bss.esp8266_tx_buf  esp8266.o
    0x2000011c        -       0x00000048   Zero   RW          353    .bss.htim3          timer.o
    0x20000164   0x08005748   0x00000004   PAD
    0x20000168        -       0x00000008   Zero   RW           24    .bss.left           main.o
    0x20000170        -       0x00000008   Zero   RW           23    .bss.middle         main.o
    0x20000178        -       0x00000048   Zero   RW          271    .bss.pwm_handler    sg90.o
    0x200001c0        -       0x00000080   Zero   RW           22    .bss.recv_data      main.o
    0x20000240        -       0x00000008   Zero   RW           21    .bss.right          main.o
    0x20000248        -       0x00000002   Zero   RW          126    .bss.speed_cnt      speed.o
    0x2000024a   0x08005748   0x00000002   PAD
    0x2000024c        -       0x00000018   Zero   RW          127    .bss.speed_str      speed.o
    0x20000264        -       0x00000048   Zero   RW          354    .bss.tim2_handler   timer.o
    0x200002ac        -       0x00000048   Zero   RW          328    .bss.uart1_handle   uart1.o
    0x200002f4        -       0x00000080   Zero   RW          329    .bss.uart1_rx_buf   uart1.o
    0x20000374        -       0x00000002   Zero   RW          327    .bss.uart1_rx_len   uart1.o
    0x20000376   0x08005748   0x00000002   PAD
    0x20000378        -       0x00000004   Zero   RW          415    .bss.uwTick         stm32f1xx_hal.o
    0x2000037c   0x08005748   0x00000004   PAD
    0x20000380        -       0x00000400   Zero   RW            1    STACK               startup_stm32f101xb.o


==============================================================================

Image component sizes


      Code (inc. data)   RO Data    RW Data    ZI Data      Debug   Object Name

       128          0          0          0          0       2073   delay.o
      1844        268        229          0        268      11099   esp8266.o
       110          0          0          0          0       1773   follow.o
       240          0          0          0          0       5681   hcsr04.o
       128          0          0          0          0       2250   led.o
       754         16         14          0        152       2669   main.o
       388          0          0          0          0       2199   motor.o
      1310          0       6080          0          0       6566   oled.o
       232          0          0          0         72       5889   sg90.o
       268         16          0          0         26       6570   speed.o
        36          8        232          0       1024        928   startup_stm32f101xb.o
       158          0          0          5          4       5825   stm32f1xx_hal.o
       196          0          0          0          0       8480   stm32f1xx_hal_cortex.o
       556         20          0          0          0       4760   stm32f1xx_hal_gpio.o
      1334          0         18          0          0       7661   stm32f1xx_hal_rcc.o
      1734          4          0          0          0      57615   stm32f1xx_hal_tim.o
         4          0          0          0          0      21684   stm32f1xx_hal_tim_ex.o
       878          0          0          0          0      28144   stm32f1xx_hal_uart.o
        20          0          0          0          0       1180   stm32f1xx_it.o
        90          0          0          0          0       1633   sys.o
         2          0         24          4          0       1747   system_stm32f1xx.o
       184          0          0          0        144       5626   timer.o
       110          0          0          0          0       1766   track.o
       502         12          0          0        202       6463   uart1.o
        60          0          0          0          0       1416   voice.o

    ----------------------------------------------------------------------
     11372        344       6632         12       1904     201697   Object Totals
         0          0         32          0          0          0   (incl. Generated)
       106          0          3          3         12          0   (incl. Padding)

    ----------------------------------------------------------------------

      Code (inc. data)   RO Data    RW Data    ZI Data      Debug   Library Member Name

         0          0          0          0          0          0   entry.o
         0          0          0          0          0          0   entry10a.o
         0          0          0          0          0          0   entry11a.o
         8          4          0          0          0          0   entry2.o
         4          0          0          0          0          0   entry5.o
         0          0          0          0          0          0   entry7b.o
         0          0          0          0          0          0   entry8b.o
         8          4          0          0          0          0   entry9a.o
        30          0          0          0          0          0   handlers.o
        48         10          0          0          0         68   init.o
         0          0          0          0          0          0   iusefp.o
        30          0          0          0          0         68   llshl.o
        36          0          0          0          0         68   llsshr.o
        32          0          0          0          0         68   llushr.o
        36          0          0          0          0         68   memcpya.o
        36          0          0          0          0        108   memseta.o
      2344        102          0          0          0        684   printfa.o
        36          6          0          0          0         80   puts.o
         0          0          0          4          0          0   stdout.o
        20          0          0          0          0         68   strchr.o
        14          0          0          0          0         68   strlen.o
        36          0          0          0          0         80   strstr.o
        44          0          0          0          0         80   uidiv.o
        98          0          0          0          0         92   uldiv.o
        48          0          0          0          0         68   cdrcmple.o
        56          0          0          0          0         88   d2f.o
       334          0          0          0          0        148   dadd.o
        54          0          0          0          0         80   dcmpge.o
        54          0          0          0          0         80   dcmplt.o
       222          0          0          0          0        100   ddiv.o
       186          0          0          0          0        176   depilogue.o
        48          0          0          0          0         68   dfixul.o
        26          0          0          0          0         76   dfltui.o
       228          0          0          0          0         96   dmul.o
        38          0          0          0          0         68   f2d.o
        28          0          0          0          0         68   fcmpge.o
        28          0          0          0          0         68   fcmple.o
       110          0          0          0          0        168   fepilogue.o

    ----------------------------------------------------------------------
      4324        126          0          4          0       2952   Library Totals
         4          0          0          0          0          0   (incl. Padding)

    ----------------------------------------------------------------------

      Code (inc. data)   RO Data    RW Data    ZI Data      Debug   Library Name

      2860        126          0          4          0       1600   mc_w.l
      1460          0          0          0          0       1352   mf_w.l

    ----------------------------------------------------------------------
      4324        126          0          4          0       2952   Library Totals

    ----------------------------------------------------------------------

==============================================================================


      Code (inc. data)   RO Data    RW Data    ZI Data      Debug   

     15696        470       6632         16       1904     202729   Grand Totals
     15696        470       6632         16       1904     202729   ELF Image Totals
     15696        470       6632         16          0          0   ROM Totals

==============================================================================

    Total RO  Size (Code + RO Data)                22328 (  21.80kB)
    Total RW  Size (RW Data + ZI Data)              1920 (   1.88kB)
    Total ROM Size (Code + RO Data + RW Data)      22344 (  21.82kB)

==============================================================================

